Archive member included to satisfy reference by file (symbol)

c:/chibi/chibistudio17v3_windows/chibistudio/tools/gnu tools arm embedded/6.3 2017q1/bin/../lib/gcc/arm-none-eabi/6.3.1/thumb/v7e-m\libgcc.a(_arm_addsubdf3.o)
                              C:\Users\User\AppData\Local\Temp\ccvxHLK6.ltrans1.ltrans.o (__aeabi_i2d)
c:/chibi/chibistudio17v3_windows/chibistudio/tools/gnu tools arm embedded/6.3 2017q1/bin/../lib/gcc/arm-none-eabi/6.3.1/thumb/v7e-m\libgcc.a(_arm_muldivdf3.o)
                              C:\Users\User\AppData\Local\Temp\ccvxHLK6.ltrans1.ltrans.o (__aeabi_dmul)
c:/chibi/chibistudio17v3_windows/chibistudio/tools/gnu tools arm embedded/6.3 2017q1/bin/../lib/gcc/arm-none-eabi/6.3.1/thumb/v7e-m\libgcc.a(_arm_fixdfsi.o)
                              C:\Users\User\AppData\Local\Temp\ccvxHLK6.ltrans1.ltrans.o (__aeabi_d2iz)

Discarded input sections

 .data          0x00000000        0x0 build/obj/crt0_v7m.o
 .bss           0x00000000        0x0 build/obj/crt0_v7m.o
 .data          0x00000000        0x0 build/obj/chcoreasm_v7m.o
 .bss           0x00000000        0x0 build/obj/chcoreasm_v7m.o
 .text          0x00000000        0x0 build/obj/crt1.o (symbol from plugin)
 .text          0x00000000        0x0 C:\Users\User\AppData\Local\Temp\ccvxHLK6.ltrans0.ltrans.o
 .data          0x00000000        0x0 C:\Users\User\AppData\Local\Temp\ccvxHLK6.ltrans0.ltrans.o
 .bss           0x00000000        0x0 C:\Users\User\AppData\Local\Temp\ccvxHLK6.ltrans0.ltrans.o
 .text          0x00000000        0x0 C:\Users\User\AppData\Local\Temp\ccvxHLK6.ltrans1.ltrans.o
 .data          0x00000000        0x0 C:\Users\User\AppData\Local\Temp\ccvxHLK6.ltrans1.ltrans.o
 .bss           0x00000000        0x0 C:\Users\User\AppData\Local\Temp\ccvxHLK6.ltrans1.ltrans.o
 .text          0x00000000        0x0 C:\Users\User\AppData\Local\Temp\ccvxHLK6.ltrans2.ltrans.o
 .data          0x00000000        0x0 C:\Users\User\AppData\Local\Temp\ccvxHLK6.ltrans2.ltrans.o
 .bss           0x00000000        0x0 C:\Users\User\AppData\Local\Temp\ccvxHLK6.ltrans2.ltrans.o
 .text          0x00000000        0x0 build/obj/vectors.o (symbol from plugin)
 .text          0x00000000        0x0 build/obj/chsys.o (symbol from plugin)
 .text          0x00000000        0x0 build/obj/chdebug.o (symbol from plugin)
 .text          0x00000000        0x0 build/obj/chtrace.o (symbol from plugin)
 .text          0x00000000        0x0 build/obj/chvt.o (symbol from plugin)
 .text          0x00000000        0x0 build/obj/chschd.o (symbol from plugin)
 .text          0x00000000        0x0 build/obj/chthreads.o (symbol from plugin)
 .text          0x00000000        0x0 build/obj/chtm.o (symbol from plugin)
 .text          0x00000000        0x0 build/obj/chregistry.o (symbol from plugin)
 .text          0x00000000        0x0 build/obj/chsem.o (symbol from plugin)
 .text          0x00000000        0x0 build/obj/chmtx.o (symbol from plugin)
 .text          0x00000000        0x0 build/obj/chcond.o (symbol from plugin)
 .text          0x00000000        0x0 build/obj/chevents.o (symbol from plugin)
 .text          0x00000000        0x0 build/obj/chmsg.o (symbol from plugin)
 .text          0x00000000        0x0 build/obj/chdynamic.o (symbol from plugin)
 .text          0x00000000        0x0 build/obj/chmboxes.o (symbol from plugin)
 .text          0x00000000        0x0 build/obj/chmemcore.o (symbol from plugin)
 .text          0x00000000        0x0 build/obj/chheap.o (symbol from plugin)
 .text          0x00000000        0x0 build/obj/chmempools.o (symbol from plugin)
 .text          0x00000000        0x0 build/obj/chcore.o (symbol from plugin)
 .text          0x00000000        0x0 build/obj/chcore_v7m.o (symbol from plugin)
 .text          0x00000000        0x0 build/obj/osal.o (symbol from plugin)
 .text          0x00000000        0x0 build/obj/hal.o (symbol from plugin)
 .text          0x00000000        0x0 build/obj/hal_st.o (symbol from plugin)
 .text          0x00000000        0x0 build/obj/hal_buffers.o (symbol from plugin)
 .text          0x00000000        0x0 build/obj/hal_queues.o (symbol from plugin)
 .text          0x00000000        0x0 build/obj/hal_mmcsd.o (symbol from plugin)
 .text          0x00000000        0x0 build/obj/hal_adc.o (symbol from plugin)
 .text          0x00000000        0x0 build/obj/hal_gpt.o (symbol from plugin)
 .text          0x00000000        0x0 build/obj/hal_pal.o (symbol from plugin)
 .text          0x00000000        0x0 build/obj/hal_pwm.o (symbol from plugin)
 .text          0x00000000        0x0 build/obj/hal_serial.o (symbol from plugin)
 .text          0x00000000        0x0 build/obj/nvic.o (symbol from plugin)
 .text          0x00000000        0x0 build/obj/hal_lld.o (symbol from plugin)
 .text          0x00000000        0x0 build/obj/hal_adc_lld.o (symbol from plugin)
 .text          0x00000000        0x0 build/obj/stm32_dma.o (symbol from plugin)
[...]
Memory Configuration

Name             Origin             Length             Attributes
flash0           0x08000000         0x00200000
flash1           0x00200000         0x00200000
flash2           0x00000000         0x00000000
flash3           0x00000000         0x00000000
flash4           0x00000000         0x00000000
flash5           0x00000000         0x00000000
flash6           0x00000000         0x00000000
flash7           0x00000000         0x00000000
ram0             0x20020000         0x00060000
ram1             0x20020000         0x0005c000
ram2             0x2007c000         0x00004000
ram3             0x20000000         0x00020000
ram4             0x00000000         0x00004000
ram5             0x40024000         0x00001000
ram6             0x00000000         0x00000000
ram7             0x00000000         0x00000000
*default*        0x00000000         0xffffffff

Linker script and memory map

LOAD build/obj/crt0_v7m.o
LOAD build/obj/chcoreasm_v7m.o
LOAD build/obj/crt1.o
LOAD C:\Users\User\AppData\Local\Temp\ccvxHLK6.ltrans0.ltrans.o
LOAD C:\Users\User\AppData\Local\Temp\ccvxHLK6.ltrans1.ltrans.o
LOAD C:\Users\User\AppData\Local\Temp\ccvxHLK6.ltrans2.ltrans.o
LOAD build/obj/vectors.o
LOAD build/obj/chsys.o
LOAD build/obj/chdebug.o
LOAD build/obj/chtrace.o
LOAD build/obj/chvt.o
LOAD build/obj/chschd.o
LOAD build/obj/chthreads.o
LOAD build/obj/chtm.o
LOAD build/obj/chregistry.o
LOAD build/obj/chsem.o
LOAD build/obj/chmtx.o
LOAD build/obj/chcond.o
LOAD build/obj/chevents.o
LOAD build/obj/chmsg.o
LOAD build/obj/chdynamic.o
LOAD build/obj/chmboxes.o
LOAD build/obj/chmemcore.o
LOAD build/obj/chheap.o
LOAD build/obj/chmempools.o
LOAD build/obj/chcore.o
LOAD build/obj/chcore_v7m.o
LOAD build/obj/osal.o
LOAD build/obj/hal.o
LOAD build/obj/hal_st.o
LOAD build/obj/hal_buffers.o
LOAD build/obj/hal_queues.o
LOAD build/obj/hal_mmcsd.o
LOAD build/obj/hal_adc.o
LOAD build/obj/hal_gpt.o
LOAD build/obj/hal_pal.o
LOAD build/obj/hal_pwm.o
LOAD build/obj/hal_serial.o
LOAD build/obj/nvic.o
LOAD build/obj/hal_lld.o
LOAD build/obj/hal_adc_lld.o
LOAD build/obj/stm32_dma.o
LOAD build/obj/hal_pal_lld.o
LOAD build/obj/hal_st_lld.o
LOAD build/obj/hal_gpt_lld.o
LOAD build/obj/hal_pwm_lld.o
LOAD build/obj/hal_serial_lld.o
LOAD build/obj/board.o
LOAD build/obj/chprintf.o
LOAD build/obj/memstreams.o
LOAD build/obj/nullstreams.o
LOAD build/obj/main.o

.mstack         0x20000000      0x400
                0x20000000                . = ALIGN (0x8)
                0x20000000                __main_stack_base__ = .
                0x20000400                . = (. + __main_stack_size__)
 *fill*         0x20000000      0x400 
                0x20000400                . = ALIGN (0x8)
                0x20000400                __main_stack_end__ = .

.pstack         0x20000400      0x400
                0x20000400                __process_stack_base__ = .
                0x20000400                __main_thread_stack_base__ = .
                0x20000800                . = (. + __process_stack_size__)
 *fill*         0x20000400      0x400 
                0x20000800                . = ALIGN (0x8)
                0x20000800                __process_stack_end__ = .
                0x20000800                __main_thread_stack_end__ = .

.nocache        0x20000800        0x0
                0x20000800                __nocache_base__ = .
 *(.nocache)
 *(.nocache.*)
 *(.bss.__nocache_*)
                0x20000800                . = ALIGN (0x4)
                0x20000800                __nocache_end__ = .

.eth            0x20000800        0x0
                0x20000800                __eth_base__ = .
 *(.eth)
 *(.eth.*)
 *(.bss.__eth_*)
                0x20000800                . = ALIGN (0x4)
                0x20000800                __eth_end__ = .

.vectors        0x00200000      0x200 load address 0x08000000
 *(.vectors)
 .vectors       0x00200000      0x200 C:\Users\User\AppData\Local\Temp\ccvxHLK6.ltrans1.ltrans.o
                0x00200000                _vectors

.xtors          0x00200200        0x0 load address 0x08000200
                0x00200200                __init_array_start = .
 *(SORT(.init_array.*))
 *(.init_array)
                0x00200200                __init_array_end = .
                0x00200200                __fini_array_start = .
 *(.fini_array)
 *(SORT(.fini_array.*))
                0x00200200                __fini_array_end = .

.text           0x00200200     0x24fc load address 0x08000200
 *(.text)
 .text          0x00200200       0xd4 build/obj/crt0_v7m.o
                0x00200200                Reset_Handler
 .text          0x002002d4       0x28 build/obj/chcoreasm_v7m.o
                0x002002d4                _port_switch
                0x002002e4                _port_thread_start
                0x002002f4                _port_switch_from_isr
                0x002002f8                _port_exit_from_isr
 .text          0x002002fc      0x370 c:/chibi/chibistudio17v3_windows/chibistudio/tools/gnu tools arm embedded/6.3 2017q1/bin/../lib/gcc/arm-none-eabi/6.3.1/thumb/v7e-m\libgcc.a(_arm_addsubdf3.o)
                0x002002fc                __aeabi_drsub
                0x00200304                __aeabi_dsub
                0x00200304                __subdf3
                0x00200308                __aeabi_dadd
                0x00200308                __adddf3
                0x00200580                __floatunsidf
                0x00200580                __aeabi_ui2d
                0x002005a0                __floatsidf
                0x002005a0                __aeabi_i2d
                0x002005c4                __aeabi_f2d
                0x002005c4                __extendsfdf2
                0x00200600                __floatundidf
                0x00200600                __aeabi_ul2d
                0x00200610                __floatdidf
                0x00200610                __aeabi_l2d
 .text          0x0020066c      0x424 c:/chibi/chibistudio17v3_windows/chibistudio/tools/gnu tools arm embedded/6.3 2017q1/bin/../lib/gcc/arm-none-eabi/6.3.1/thumb/v7e-m\libgcc.a(_arm_muldivdf3.o)
                0x0020066c                __aeabi_dmul
                0x0020066c                __muldf3
                0x002008c0                __divdf3
                0x002008c0                __aeabi_ddiv
 .text          0x00200a90       0x50 c:/chibi/chibistudio17v3_windows/chibistudio/tools/gnu tools arm embedded/6.3 2017q1/bin/../lib/gcc/arm-none-eabi/6.3.1/thumb/v7e-m\libgcc.a(_arm_fixdfsi.o)
                0x00200a90                __aeabi_d2iz
                0x00200a90                __fixdfsi
 *(.text.*)
 .text.notify8.lto_priv.35
                0x00200ae0       0x10 C:\Users\User\AppData\Local\Temp\ccvxHLK6.ltrans0.ltrans.o
                0x00200ae0                notify8.lto_priv.35
 .text.notify7.lto_priv.34
                0x00200af0       0x10 C:\Users\User\AppData\Local\Temp\ccvxHLK6.ltrans0.ltrans.o
                0x00200af0                notify7.lto_priv.34
 .text.SVC_Handler
                0x00200b00       0x1c C:\Users\User\AppData\Local\Temp\ccvxHLK6.ltrans0.ltrans.o
                0x00200b00                SVC_Handler
 *fill*         0x00200b1c        0x4 
 .text.chCoreAllocAligned
                0x00200b20       0x48 C:\Users\User\AppData\Local\Temp\ccvxHLK6.ltrans0.ltrans.o
                0x00200b20                chCoreAllocAligned
 *fill*         0x00200b68        0x8 
 .text.wakeup   0x00200b70       0x70 C:\Users\User\AppData\Local\Temp\ccvxHLK6.ltrans0.ltrans.o
 .text.chSchReadyI
                0x00200be0       0x2c C:\Users\User\AppData\Local\Temp\ccvxHLK6.ltrans0.ltrans.o
 *fill*         0x00200c0c        0x4 
 .text.adc_lld_serve_rx_interrupt.lto_priv.33
                0x00200c10      0x128 C:\Users\User\AppData\Local\Temp\ccvxHLK6.ltrans0.ltrans.o
                0x00200c10                adc_lld_serve_rx_interrupt.lto_priv.33
 *fill*         0x00200d38        0x8 
 .text.chEvtBroadcastFlagsI
                0x00200d40       0x60 C:\Users\User\AppData\Local\Temp\ccvxHLK6.ltrans0.ltrans.o
 .text._idle_thread.lto_priv.44
                0x00200da0        0x4 C:\Users\User\AppData\Local\Temp\ccvxHLK6.ltrans0.ltrans.o
                0x00200da0                _idle_thread.lto_priv.44
 *fill*         0x00200da4        0xc 
 .text.chSchGoSleepS
                0x00200db0       0x28 C:\Users\User\AppData\Local\Temp\ccvxHLK6.ltrans0.ltrans.o
 *fill*         0x00200dd8        0x8 
 .text.serve_interrupt.lto_priv.45
                0x00200de0      0x190 C:\Users\User\AppData\Local\Temp\ccvxHLK6.ltrans0.ltrans.o
                0x00200de0                serve_interrupt.lto_priv.45
 .text._pal_lld_setgroupmode
                0x00200f70       0xec C:\Users\User\AppData\Local\Temp\ccvxHLK6.ltrans0.ltrans.o
                0x00200f70                _pal_lld_setgroupmode
 *fill*         0x0020105c        0x4 
 .text._port_irq_epilogue
                0x00201060       0x5c C:\Users\User\AppData\Local\Temp\ccvxHLK6.ltrans0.ltrans.o
                0x00201060                _port_irq_epilogue
 *fill*         0x002010bc        0x4 
 .text.Vector188
                0x002010c0       0x14 C:\Users\User\AppData\Local\Temp\ccvxHLK6.ltrans0.ltrans.o
                0x002010c0                Vector188
 *fill*         0x002010d4        0xc 
 .text.VectorB4
                0x002010e0       0x64 C:\Users\User\AppData\Local\Temp\ccvxHLK6.ltrans0.ltrans.o
                0x002010e0                VectorB4
 *fill*         0x00201144        0xc 
 .text.VectorB8
                0x00201150       0x34 C:\Users\User\AppData\Local\Temp\ccvxHLK6.ltrans0.ltrans.o
                0x00201150                VectorB8
 *fill*         0x00201184        0xc 
 .text.SysTick_Handler
                0x00201190       0x58 C:\Users\User\AppData\Local\Temp\ccvxHLK6.ltrans0.ltrans.o
                0x00201190                SysTick_Handler
 *fill*         0x002011e8        0x8 
 .text.Vector158
                0x002011f0       0x2c C:\Users\User\AppData\Local\Temp\ccvxHLK6.ltrans0.ltrans.o
                0x002011f0                Vector158
 *fill*         0x0020121c        0x4 
 .text.Vector154
                0x00201220       0x2c C:\Users\User\AppData\Local\Temp\ccvxHLK6.ltrans0.ltrans.o
                0x00201220                Vector154
 *fill*         0x0020124c        0x4 
 .text.Vector150
                0x00201250       0x2c C:\Users\User\AppData\Local\Temp\ccvxHLK6.ltrans0.ltrans.o
                0x00201250                Vector150
 *fill*         0x0020127c        0x4 
 .text.Vector130
                0x00201280       0x28 C:\Users\User\AppData\Local\Temp\ccvxHLK6.ltrans0.ltrans.o
                0x00201280                Vector130
 *fill*         0x002012a8        0x8 
 .text.Vector12C
                0x002012b0       0x2c C:\Users\User\AppData\Local\Temp\ccvxHLK6.ltrans0.ltrans.o
                0x002012b0                Vector12C
 *fill*         0x002012dc        0x4 
 .text.Vector128
                0x002012e0       0x2c C:\Users\User\AppData\Local\Temp\ccvxHLK6.ltrans0.ltrans.o
                0x002012e0                Vector128
 *fill*         0x0020130c        0x4 
 .text.Vector124
                0x00201310       0x2c C:\Users\User\AppData\Local\Temp\ccvxHLK6.ltrans0.ltrans.o
                0x00201310                Vector124
 *fill*         0x0020133c        0x4 
 .text.Vector120
                0x00201340       0x28 C:\Users\User\AppData\Local\Temp\ccvxHLK6.ltrans0.ltrans.o
                0x00201340                Vector120
 *fill*         0x00201368        0x8 
 .text.VectorFC
                0x00201370       0x2c C:\Users\User\AppData\Local\Temp\ccvxHLK6.ltrans0.ltrans.o
                0x00201370                VectorFC
 *fill*         0x0020139c        0x4 
 .text.Vector84
                0x002013a0       0x2c C:\Users\User\AppData\Local\Temp\ccvxHLK6.ltrans0.ltrans.o
                0x002013a0                Vector84
 *fill*         0x002013cc        0x4 
 .text.Vector80
                0x002013d0       0x2c C:\Users\User\AppData\Local\Temp\ccvxHLK6.ltrans0.ltrans.o
                0x002013d0                Vector80
 *fill*         0x002013fc        0x4 
 .text.Vector7C
                0x00201400       0x28 C:\Users\User\AppData\Local\Temp\ccvxHLK6.ltrans0.ltrans.o
                0x00201400                Vector7C
 *fill*         0x00201428        0x8 
 .text.Vector78
                0x00201430       0x2c C:\Users\User\AppData\Local\Temp\ccvxHLK6.ltrans0.ltrans.o
                0x00201430                Vector78
 *fill*         0x0020145c        0x4 
 .text.Vector74
                0x00201460       0x2c C:\Users\User\AppData\Local\Temp\ccvxHLK6.ltrans0.ltrans.o
                0x00201460                Vector74
 *fill*         0x0020148c        0x4 
 .text.Vector70
                0x00201490       0x2c C:\Users\User\AppData\Local\Temp\ccvxHLK6.ltrans0.ltrans.o
                0x00201490                Vector70
 *fill*         0x002014bc        0x4 
 .text.Vector6C
                0x002014c0       0x28 C:\Users\User\AppData\Local\Temp\ccvxHLK6.ltrans0.ltrans.o
                0x002014c0                Vector6C
 *fill*         0x002014e8        0x8 
 .text.Vector88
                0x002014f0       0x98 C:\Users\User\AppData\Local\Temp\ccvxHLK6.ltrans0.ltrans.o
                0x002014f0                Vector88
 *fill*         0x00201588        0x8 
 .text.chTMStopMeasurementX
                0x00201590       0x44 C:\Users\User\AppData\Local\Temp\ccvxHLK6.ltrans0.ltrans.o
                0x00201590                chTMStopMeasurementX
 *fill*         0x002015d4        0xc 
 .text.chThdExit
                0x002015e0       0x50 C:\Users\User\AppData\Local\Temp\ccvxHLK6.ltrans0.ltrans.o
                0x002015e0                chThdExit
 .text.chSchDoReschedule
                0x00201630       0x40 C:\Users\User\AppData\Local\Temp\ccvxHLK6.ltrans0.ltrans.o
                0x00201630                chSchDoReschedule
 .text.chSchGoSleepTimeoutS
                0x00201670       0x88 C:\Users\User\AppData\Local\Temp\ccvxHLK6.ltrans0.ltrans.o
                0x00201670                chSchGoSleepTimeoutS
 *fill*         0x002016f8        0x8 
 .text.chThdEnqueueTimeoutS
                0x00201700       0x28 C:\Users\User\AppData\Local\Temp\ccvxHLK6.ltrans0.ltrans.o
 *fill*         0x00201728        0x8 
 .text.oqWriteTimeout
                0x00201730       0xb8 C:\Users\User\AppData\Local\Temp\ccvxHLK6.ltrans0.ltrans.o
                0x00201730                oqWriteTimeout
 *fill*         0x002017e8        0x8 
 .text._writet.lto_priv.42
                0x002017f0        0x8 C:\Users\User\AppData\Local\Temp\ccvxHLK6.ltrans0.ltrans.o
                0x002017f0                _writet.lto_priv.42
 *fill*         0x002017f8        0x8 
 .text._write.lto_priv.36
                0x00201800        0xc C:\Users\User\AppData\Local\Temp\ccvxHLK6.ltrans0.ltrans.o
                0x00201800                _write.lto_priv.36
 *fill*         0x0020180c        0x4 
 .text.oqPutTimeout
                0x00201810       0x54 C:\Users\User\AppData\Local\Temp\ccvxHLK6.ltrans0.ltrans.o
 *fill*         0x00201864        0xc 
 .text._putt.lto_priv.40
                0x00201870        0x8 C:\Users\User\AppData\Local\Temp\ccvxHLK6.ltrans0.ltrans.o
                0x00201870                _putt.lto_priv.40
 *fill*         0x00201878        0x8 
 .text._put.lto_priv.38
                0x00201880        0xc C:\Users\User\AppData\Local\Temp\ccvxHLK6.ltrans0.ltrans.o
                0x00201880                _put.lto_priv.38
 *fill*         0x0020188c        0x4 
 .text.iqReadTimeout
                0x00201890       0xb8 C:\Users\User\AppData\Local\Temp\ccvxHLK6.ltrans0.ltrans.o
 *fill*         0x00201948        0x8 
 .text._readt.lto_priv.43
                0x00201950        0x8 C:\Users\User\AppData\Local\Temp\ccvxHLK6.ltrans0.ltrans.o
                0x00201950                _readt.lto_priv.43
 *fill*         0x00201958        0x8 
 .text._read.lto_priv.37
                0x00201960        0xc C:\Users\User\AppData\Local\Temp\ccvxHLK6.ltrans0.ltrans.o
                0x00201960                _read.lto_priv.37
 *fill*         0x0020196c        0x4 
 .text.iqGetTimeout
                0x00201970       0x50 C:\Users\User\AppData\Local\Temp\ccvxHLK6.ltrans0.ltrans.o
 .text._gett.lto_priv.41
                0x002019c0        0x8 C:\Users\User\AppData\Local\Temp\ccvxHLK6.ltrans0.ltrans.o
                0x002019c0                _gett.lto_priv.41
 *fill*         0x002019c8        0x8 
 .text._get.lto_priv.39
                0x002019d0        0xc C:\Users\User\AppData\Local\Temp\ccvxHLK6.ltrans0.ltrans.o
                0x002019d0                _get.lto_priv.39
 *fill*         0x002019dc        0x4 
 .text._unhandled_exception
                0x002019e0        0x4 C:\Users\User\AppData\Local\Temp\ccvxHLK6.ltrans0.ltrans.o
                0x002019e0                Vector58
                0x002019e0                VectorE8
                0x002019e0                Vector9C
                0x002019e0                VectorAC
                0x002019e0                DebugMon_Handler
                0x002019e0                Vector1A0
                0x002019e0                Vector5C
                0x002019e0                Vector11C
                0x002019e0                HardFault_Handler
                0x002019e0                Vector1B8
                0x002019e0                Vector1F0
                0x002019e0                Vector19C
                0x002019e0                Vector1EC
                0x002019e0                Vector8C
                0x002019e0                VectorDC
                0x002019e0                PendSV_Handler
                0x002019e0                Vector168
                0x002019e0                NMI_Handler
                0x002019e0                Vector110
                0x002019e0                Vector1D8
                0x002019e0                Vector1F4
                0x002019e0                VectorC8
                0x002019e0                Vector94
                0x002019e0                VectorA8
                0x002019e0                Vector1FC
                0x002019e0                Vector160
                0x002019e0                Vector1B0
                0x002019e0                UsageFault_Handler
                0x002019e0                VectorEC
                0x002019e0                Vector40
                0x002019e0                VectorF8
                0x002019e0                Vector108
                0x002019e0                VectorBC
                0x002019e0                Vector190
                0x002019e0                Vector1E0
                0x002019e0                Vector1F8
                0x002019e0                Vector1C4
                0x002019e0                Vector1CC
                0x002019e0                Vector1E4
                0x002019e0                Vector148
                0x002019e0                Vector198
                0x002019e0                Vector118
                0x002019e0                Vector64
                0x002019e0                VectorCC
                0x002019e0                Vector54
                0x002019e0                Vector98
                0x002019e0                VectorD8
                0x002019e0                Vector138
                0x002019e0                Vector24
                0x002019e0                Vector1AC
                0x002019e0                Vector178
                0x002019e0                Vector1A4
                0x002019e0                VectorD0
                0x002019e0                Vector1B4
                0x002019e0                Vector140
                0x002019e0                VectorE4
                0x002019e0                VectorC0
                0x002019e0                Vector1C0
                0x002019e0                Vector134
                0x002019e0                Vector1D0
                0x002019e0                VectorF0
                0x002019e0                Vector13C
                0x002019e0                Vector100
                0x002019e0                VectorE0
                0x002019e0                VectorF4
                0x002019e0                MemManage_Handler
                0x002019e0                VectorA0
                0x002019e0                VectorC4
                0x002019e0                Vector180
                0x002019e0                VectorB0
                0x002019e0                Vector90
                0x002019e0                Vector114
                0x002019e0                Vector164
                0x002019e0                Vector60
                0x002019e0                Vector1C
                0x002019e0                Vector1BC
                0x002019e0                Vector1D4
                0x002019e0                Vector17C
                0x002019e0                Vector48
                0x002019e0                Vector1A8
                0x002019e0                Vector16C
                0x002019e0                VectorD4
                0x002019e0                Vector4C
                0x002019e0                Vector144
                0x002019e0                Vector15C
                0x002019e0                Vector68
                0x002019e0                Vector1E8
                0x002019e0                _unhandled_exception
                0x002019e0                Vector170
                0x002019e0                Vector104
                0x002019e0                Vector184
                0x002019e0                Vector10C
                0x002019e0                Vector14C
                0x002019e0                BusFault_Handler
                0x002019e0                Vector50
                0x002019e0                Vector1C8
                0x002019e0                Vector194
                0x002019e0                Vector1DC
                0x002019e0                Vector44
                0x002019e0                Vector28
                0x002019e0                Vector34
                0x002019e0                VectorA4
                0x002019e0                Vector20
                0x002019e0                Vector174
 *fill*         0x002019e4        0xc 
 .text.__init_ram_areas
                0x002019f0       0x60 C:\Users\User\AppData\Local\Temp\ccvxHLK6.ltrans0.ltrans.o
                0x002019f0                __init_ram_areas
 .text.__default_exit
                0x00201a50        0x4 C:\Users\User\AppData\Local\Temp\ccvxHLK6.ltrans0.ltrans.o
                0x00201a50                __default_exit
 *fill*         0x00201a54        0xc 
 .text.__late_init
                0x00201a60        0x4 C:\Users\User\AppData\Local\Temp\ccvxHLK6.ltrans0.ltrans.o
                0x00201a60                __late_init
 *fill*         0x00201a64        0xc 
 .text.__core_init
                0x00201a70       0x7c C:\Users\User\AppData\Local\Temp\ccvxHLK6.ltrans0.ltrans.o
                0x00201a70                __core_init
 *fill*         0x00201aec        0x4 
 .text.adcerrorcallback
                0x00201af0        0x4 C:\Users\User\AppData\Local\Temp\ccvxHLK6.ltrans1.ltrans.o
 *fill*         0x00201af4        0xc 
 .text.adccallback
                0x00201b00        0x4 C:\Users\User\AppData\Local\Temp\ccvxHLK6.ltrans1.ltrans.o
 *fill*         0x00201b04        0xc 
 .text.Vector18C
                0x00201b10       0x14 C:\Users\User\AppData\Local\Temp\ccvxHLK6.ltrans1.ltrans.o
 *fill*         0x00201b24        0xc 
 .text.startup.main
                0x00201b30      0xac4 C:\Users\User\AppData\Local\Temp\ccvxHLK6.ltrans1.ltrans.o
                0x00201b30                main
 *fill*         0x002025f4        0xc 
 .text.__early_init
                0x00202600       0xe8 C:\Users\User\AppData\Local\Temp\ccvxHLK6.ltrans1.ltrans.o
                0x00202600                __early_init
 *fill*         0x002026e8        0x8 
 .text.chTMStartMeasurementX.constprop.28
                0x002026f0        0xc C:\Users\User\AppData\Local\Temp\ccvxHLK6.ltrans2.ltrans.o
                0x002026f0                chTMStartMeasurementX.constprop.28
 *(.glue_7t)
 .glue_7t       0x002026fc        0x0 linker stubs
 *(.glue_7)
 .glue_7        0x002026fc        0x0 linker stubs
 *(.gcc*)

.vfp11_veneer   0x002026fc        0x0 load address 0x080026fc
 .vfp11_veneer  0x002026fc        0x0 linker stubs

.v4_bx          0x002026fc        0x0 load address 0x080026fc
 .v4_bx         0x002026fc        0x0 linker stubs

.iplt           0x002026fc        0x0 load address 0x080026fc
 .iplt          0x002026fc        0x0 build/obj/crt0_v7m.o

.rodata         0x080026fc      0x1b8
                0x080026fc                . = ALIGN (0x4)
                0x080026fc                __rodata_base__ = .
 *(.rodata)
 *(.rodata.*)
 .rodata.ram_areas
                0x080026fc       0x80 C:\Users\User\AppData\Local\Temp\ccvxHLK6.ltrans0.ltrans.o
 .rodata._stm32_dma_streams
                0x0800277c       0xc0 C:\Users\User\AppData\Local\Temp\ccvxHLK6.ltrans1.ltrans.o
 .rodata.adcgrpcfg1
                0x0800283c       0x28 C:\Users\User\AppData\Local\Temp\ccvxHLK6.ltrans1.ltrans.o
 .rodata.ch_debug
                0x08002864       0x16 C:\Users\User\AppData\Local\Temp\ccvxHLK6.ltrans1.ltrans.o
 *fill*         0x0800287a        0x2 
 .rodata.gpt4cfg1
                0x0800287c       0x10 C:\Users\User\AppData\Local\Temp\ccvxHLK6.ltrans1.ltrans.o
 .rodata.main.str1.4
                0x0800288c        0x8 C:\Users\User\AppData\Local\Temp\ccvxHLK6.ltrans1.ltrans.o
                                  0x5 (size before relaxing)
 .rodata.vmt    0x08002894       0x20 C:\Users\User\AppData\Local\Temp\ccvxHLK6.ltrans1.ltrans.o
                0x080028b4                . = ALIGN (0x4)
                0x080028b4                __rodata_end__ = .

.rel.dyn        0x080028b4        0x0
 .rel.iplt      0x080028b4        0x0 build/obj/crt0_v7m.o

.ARM.extab
 *(.ARM.extab* .gnu.linkonce.armextab.*)

.ARM.exidx      0x002026fc        0x0 load address 0x080028b4
                0x002026fc                __exidx_start = .
 *(.ARM.exidx* .gnu.linkonce.armexidx.*)
                0x002026fc                __exidx_end = .

.eh_frame_hdr
 *(.eh_frame_hdr)

.eh_frame
 *(.eh_frame)
                0x20020000                __ram0_start__ = ORIGIN (ram0)
                0x00060000                __ram0_size__ = LENGTH (ram0)
                0x20080000                __ram0_end__ = (__ram0_start__ + __ram0_size__)
                0x20020000                __ram1_start__ = ORIGIN (ram1)
                0x0005c000                __ram1_size__ = LENGTH (ram1)
                0x2007c000                __ram1_end__ = (__ram1_start__ + __ram1_size__)
                0x2007c000                __ram2_start__ = ORIGIN (ram2)
                0x00004000                __ram2_size__ = LENGTH (ram2)
                0x20080000                __ram2_end__ = (__ram2_start__ + __ram2_size__)
                0x20000000                __ram3_start__ = ORIGIN (ram3)
                0x00020000                __ram3_size__ = LENGTH (ram3)
                0x20020000                __ram3_end__ = (__ram3_start__ + __ram3_size__)
                0x00000000                __ram4_start__ = ORIGIN (ram4)
                0x00004000                __ram4_size__ = LENGTH (ram4)
                0x00004000                __ram4_end__ = (__ram4_start__ + __ram4_size__)
                0x40024000                __ram5_start__ = ORIGIN (ram5)
                0x00001000                __ram5_size__ = LENGTH (ram5)
                0x40025000                __ram5_end__ = (__ram5_start__ + __ram5_size__)
                0x00000000                __ram6_start__ = ORIGIN (ram6)
                0x00000000                __ram6_size__ = LENGTH (ram6)
                0x00000000                __ram6_end__ = (__ram6_start__ + __ram6_size__)
                0x00000000                __ram7_start__ = ORIGIN (ram7)
                0x00000000                __ram7_size__ = LENGTH (ram7)
                0x00000000                __ram7_end__ = (__ram7_start__ + __ram7_size__)

.data           0x20020000       0x44 load address 0x080028b4
                0x20020000                . = ALIGN (0x4)
                [!provide]                PROVIDE (_textdata, LOADADDR (.data))
                [!provide]                PROVIDE (_data, .)
                0x080028b4                _textdata_start = LOADADDR (.data)
                0x20020000                _data_start = .
 *(.data)
 *(.data.*)
 .data.pwmLEDconf
                0x20020000       0x44 C:\Users\User\AppData\Local\Temp\ccvxHLK6.ltrans1.ltrans.o
 *(.ramtext)
                0x20020044                . = ALIGN (0x4)
                [!provide]                PROVIDE (_edata, .)
                0x20020044                _data_end = .

.igot.plt       0x20020044        0x0 load address 0x080028f8
 .igot.plt      0x20020044        0x0 build/obj/crt0_v7m.o

.bss            0x20000800      0x360
                0x20000800                . = ALIGN (0x4)
                0x20000800                _bss_start = .
 *(.bss)
 *(.bss.*)
 .bss.ADCD1     0x20000800       0x34 C:\Users\User\AppData\Local\Temp\ccvxHLK6.ltrans1.ltrans.o
                0x20000800                ADCD1
 .bss.GPTD4     0x20000834       0x10 C:\Users\User\AppData\Local\Temp\ccvxHLK6.ltrans1.ltrans.o
                0x20000834                GPTD4
 .bss.PWMD3     0x20000844       0x1c C:\Users\User\AppData\Local\Temp\ccvxHLK6.ltrans1.ltrans.o
                0x20000844                PWMD3
 .bss.SD7       0x20000860       0x60 C:\Users\User\AppData\Local\Temp\ccvxHLK6.ltrans1.ltrans.o
                0x20000860                SD7
 .bss.SD8       0x200008c0       0x60 C:\Users\User\AppData\Local\Temp\ccvxHLK6.ltrans1.ltrans.o
 .bss.ch        0x20000920       0x74 C:\Users\User\AppData\Local\Temp\ccvxHLK6.ltrans1.ltrans.o
                0x20000920                ch
 *fill*         0x20000994        0x4 
 .bss.ch_idle_thread_wa
                0x20000998       0xd8 C:\Users\User\AppData\Local\Temp\ccvxHLK6.ltrans1.ltrans.o
 .bss.default_heap
                0x20000a70       0x20 C:\Users\User\AppData\Local\Temp\ccvxHLK6.ltrans1.ltrans.o
 .bss.dma_isr_redir.lto_priv.46
                0x20000a90       0x80 C:\Users\User\AppData\Local\Temp\ccvxHLK6.ltrans1.ltrans.o
                0x20000a90                dma_isr_redir.lto_priv.46
 .bss.dma_streams_mask
                0x20000b10        0x4 C:\Users\User\AppData\Local\Temp\ccvxHLK6.ltrans1.ltrans.o
 .bss.endmem.lto_priv.48
                0x20000b14        0x4 C:\Users\User\AppData\Local\Temp\ccvxHLK6.ltrans1.ltrans.o
                0x20000b14                endmem.lto_priv.48
 .bss.nextmem.lto_priv.47
                0x20000b18        0x4 C:\Users\User\AppData\Local\Temp\ccvxHLK6.ltrans1.ltrans.o
                0x20000b18                nextmem.lto_priv.47
 .bss.samples1  0x20000b1c        0x2 C:\Users\User\AppData\Local\Temp\ccvxHLK6.ltrans1.ltrans.o
 *fill*         0x20000b1e        0x2 
 .bss.sd_in_buf7
                0x20000b20       0x10 C:\Users\User\AppData\Local\Temp\ccvxHLK6.ltrans1.ltrans.o
 .bss.sd_in_buf8
                0x20000b30       0x10 C:\Users\User\AppData\Local\Temp\ccvxHLK6.ltrans1.ltrans.o
 .bss.sd_out_buf7
                0x20000b40       0x10 C:\Users\User\AppData\Local\Temp\ccvxHLK6.ltrans1.ltrans.o
 .bss.sd_out_buf8
                0x20000b50       0x10 C:\Users\User\AppData\Local\Temp\ccvxHLK6.ltrans1.ltrans.o
 *(COMMON)
                0x20000b60                . = ALIGN (0x4)
                0x20000b60                _bss_end = .
                [!provide]                PROVIDE (end, .)

.ram0_init      0x20020044        0x0 load address 0x080028f8
                0x20020044                . = ALIGN (0x4)
                0x080028f8                __ram0_init_text__ = LOADADDR (.ram0_init)
                0x20020044                __ram0_init__ = .
 *(.ram0_init)
 *(.ram0_init.*)
                0x20020044                . = ALIGN (0x4)

.ram0           0x20020044        0x0 load address 0x080028f8
                0x20020044                . = ALIGN (0x4)
                0x20020044                __ram0_clear__ = .
 *(.ram0_clear)
 *(.ram0_clear.*)
                0x20020044                . = ALIGN (0x4)
                0x20020044                __ram0_noinit__ = .
 *(.ram0)
 *(.ram0.*)
                0x20020044                . = ALIGN (0x4)
                0x20020044                __ram0_free__ = .

.ram1_init      0x20020000        0x0 load address 0x080028f8
                0x20020000                . = ALIGN (0x4)
                0x080028f8                __ram1_init_text__ = LOADADDR (.ram1_init)
                0x20020000                __ram1_init__ = .
 *(.ram1_init)
 *(.ram1_init.*)
                0x20020000                . = ALIGN (0x4)

.ram1           0x20020000        0x0 load address 0x080028f8
                0x20020000                . = ALIGN (0x4)
                0x20020000                __ram1_clear__ = .
 *(.ram1_clear)
 *(.ram1_clear.*)
                0x20020000                . = ALIGN (0x4)
                0x20020000                __ram1_noinit__ = .
 *(.ram1)
 *(.ram1.*)
                0x20020000                . = ALIGN (0x4)
                0x20020000                __ram1_free__ = .

.ram2_init      0x2007c000        0x0 load address 0x080028f8
                0x2007c000                . = ALIGN (0x4)
                0x080028f8                __ram2_init_text__ = LOADADDR (.ram2_init)
                0x2007c000                __ram2_init__ = .
 *(.ram2_init)
 *(.ram2_init.*)
                0x2007c000                . = ALIGN (0x4)

.ram2           0x2007c000        0x0 load address 0x080028f8
                0x2007c000                . = ALIGN (0x4)
                0x2007c000                __ram2_clear__ = .
 *(.ram2_clear)
 *(.ram2_clear.*)
                0x2007c000                . = ALIGN (0x4)
                0x2007c000                __ram2_noinit__ = .
 *(.ram2)
 *(.ram2.*)
                0x2007c000                . = ALIGN (0x4)
                0x2007c000                __ram2_free__ = .

.ram3_init      0x20000b60        0x0 load address 0x080028f8
                0x20000b60                . = ALIGN (0x4)
                0x080028f8                __ram3_init_text__ = LOADADDR (.ram3_init)
                0x20000b60                __ram3_init__ = .
 *(.ram3_init)
 *(.ram3_init.*)
                0x20000b60                . = ALIGN (0x4)

.ram3           0x20000b60        0x0 load address 0x080028f8
                0x20000b60                . = ALIGN (0x4)
                0x20000b60                __ram3_clear__ = .
 *(.ram3_clear)
 *(.ram3_clear.*)
                0x20000b60                . = ALIGN (0x4)
                0x20000b60                __ram3_noinit__ = .
 *(.ram3)
 *(.ram3.*)
                0x20000b60                . = ALIGN (0x4)
                0x20000b60                __ram3_free__ = .

.ram4_init      0x00000000        0x0 load address 0x080028f8
                0x00000000                . = ALIGN (0x4)
                0x080028f8                __ram4_init_text__ = LOADADDR (.ram4_init)
                0x00000000                __ram4_init__ = .
 *(.ram4_init)
 *(.ram4_init.*)
                0x00000000                . = ALIGN (0x4)

.ram4           0x00000000        0x0 load address 0x080028f8
                0x00000000                . = ALIGN (0x4)
                0x00000000                __ram4_clear__ = .
 *(.ram4_clear)
 *(.ram4_clear.*)
                0x00000000                . = ALIGN (0x4)
                0x00000000                __ram4_noinit__ = .
 *(.ram4)
 *(.ram4.*)
                0x00000000                . = ALIGN (0x4)
                0x00000000                __ram4_free__ = .

.ram5_init      0x40024000        0x0 load address 0x080028f8
                0x40024000                . = ALIGN (0x4)
                0x080028f8                __ram5_init_text__ = LOADADDR (.ram5_init)
                0x40024000                __ram5_init__ = .
 *(.ram5_init)
 *(.ram5_init.*)
                0x40024000                . = ALIGN (0x4)

.ram5           0x40024000        0x0 load address 0x080028f8
                0x40024000                . = ALIGN (0x4)
                0x40024000                __ram5_clear__ = .
 *(.ram5_clear)
 *(.ram5_clear.*)
                0x40024000                . = ALIGN (0x4)
                0x40024000                __ram5_noinit__ = .
 *(.ram5)
 *(.ram5.*)
                0x40024000                . = ALIGN (0x4)
                0x40024000                __ram5_free__ = .

.ram6_init      0x00000000        0x0 load address 0x080028f8
                0x00000000                . = ALIGN (0x4)
                0x080028f8                __ram6_init_text__ = LOADADDR (.ram6_init)
                0x00000000                __ram6_init__ = .
 *(.ram6_init)
 *(.ram6_init.*)
                0x00000000                . = ALIGN (0x4)

.ram6           0x00000000        0x0 load address 0x080028f8
                0x00000000                . = ALIGN (0x4)
                0x00000000                __ram6_clear__ = .
 *(.ram6_clear)
 *(.ram6_clear.*)
                0x00000000                . = ALIGN (0x4)
                0x00000000                __ram6_noinit__ = .
 *(.ram6)
 *(.ram6.*)
                0x00000000                . = ALIGN (0x4)
                0x00000000                __ram6_free__ = .

.ram7_init      0x00000000        0x0 load address 0x080028f8
                0x00000000                . = ALIGN (0x4)
                0x080028f8                __ram7_init_text__ = LOADADDR (.ram7_init)
                0x00000000                __ram7_init__ = .
 *(.ram7_init)
 *(.ram7_init.*)
                0x00000000                . = ALIGN (0x4)

.ram7           0x00000000        0x0 load address 0x080028f8
                0x00000000                . = ALIGN (0x4)
                0x00000000                __ram7_clear__ = .
 *(.ram7_clear)
 *(.ram7_clear.*)
                0x00000000                . = ALIGN (0x4)
                0x00000000                __ram7_noinit__ = .
 *(.ram7)
 *(.ram7.*)
                0x00000000                . = ALIGN (0x4)
                0x00000000                __ram7_free__ = .

.heap           0x20020044    0x5ffbc
                0x20020048                . = ALIGN (0x8)
 *fill*         0x20020044        0x4 
                0x20020048                __heap_base__ = .
                0x20080000                . = (ORIGIN (HEAP_RAM) + LENGTH (HEAP_RAM))
 *fill*         0x20020048    0x5ffb8 
                0x20080000                __heap_end__ = .
                0x00000400                __process_stack_size__ = 0x400
                0x00000400                __main_stack_size__ = 0x400
START GROUP
LOAD c:/chibi/chibistudio17v3_windows/chibistudio/tools/gnu tools arm embedded/6.3 2017q1/bin/../lib/gcc/arm-none-eabi/6.3.1/thumb/v7e-m\libgcc.a
LOAD c:/chibi/chibistudio17v3_windows/chibistudio/tools/gnu tools arm embedded/6.3 2017q1/bin/../lib/gcc/arm-none-eabi/6.3.1/../../../../arm-none-eabi/lib/thumb/v7e-m\libg.a
LOAD c:/chibi/chibistudio17v3_windows/chibistudio/tools/gnu tools arm embedded/6.3 2017q1/bin/../lib/gcc/arm-none-eabi/6.3.1/../../../../arm-none-eabi/lib/thumb/v7e-m\libc.a
END GROUP
OUTPUT(build/ch.elf elf32-littlearm)

.ARM.attributes
                0x00000000       0x2d
 .ARM.attributes
                0x00000000       0x21 build/obj/crt0_v7m.o
 .ARM.attributes
                0x00000021       0x21 build/obj/chcoreasm_v7m.o
 .ARM.attributes
                0x00000042       0x31 C:\Users\User\AppData\Local\Temp\ccvxHLK6.ltrans0.ltrans.o
 .ARM.attributes
                0x00000073       0x31 C:\Users\User\AppData\Local\Temp\ccvxHLK6.ltrans1.ltrans.o
 .ARM.attributes
                0x000000a4       0x31 C:\Users\User\AppData\Local\Temp\ccvxHLK6.ltrans2.ltrans.o
 .ARM.attributes
                0x000000d5       0x1e c:/chibi/chibistudio17v3_windows/chibistudio/tools/gnu tools arm embedded/6.3 2017q1/bin/../lib/gcc/arm-none-eabi/6.3.1/thumb/v7e-m\libgcc.a(_arm_addsubdf3.o)
 .ARM.attributes
                0x000000f3       0x1e c:/chibi/chibistudio17v3_windows/chibistudio/tools/gnu tools arm embedded/6.3 2017q1/bin/../lib/gcc/arm-none-eabi/6.3.1/thumb/v7e-m\libgcc.a(_arm_muldivdf3.o)
 .ARM.attributes
                0x00000111       0x1e c:/chibi/chibistudio17v3_windows/chibistudio/tools/gnu tools arm embedded/6.3 2017q1/bin/../lib/gcc/arm-none-eabi/6.3.1/thumb/v7e-m\libgcc.a(_arm_fixdfsi.o)

.comment        0x00000000       0x7f
 .comment       0x00000000       0x7f C:\Users\User\AppData\Local\Temp\ccvxHLK6.ltrans0.ltrans.o
                                 0x80 (size before relaxing)
 .comment       0x0000007f       0x80 C:\Users\User\AppData\Local\Temp\ccvxHLK6.ltrans1.ltrans.o
 .comment       0x0000007f       0x80 C:\Users\User\AppData\Local\Temp\ccvxHLK6.ltrans2.ltrans.o

.debug_info     0x00000000     0x7fad
 .debug_info    0x00000000     0x45e1 C:\Users\User\AppData\Local\Temp\ccvxHLK6.ltrans0.ltrans.o
 .debug_info    0x000045e1     0x38a1 C:\Users\User\AppData\Local\Temp\ccvxHLK6.ltrans1.ltrans.o
 .debug_info    0x00007e82      0x12b C:\Users\User\AppData\Local\Temp\ccvxHLK6.ltrans2.ltrans.o

.debug_abbrev   0x00000000      0xc9c
 .debug_abbrev  0x00000000      0x6e3 C:\Users\User\AppData\Local\Temp\ccvxHLK6.ltrans0.ltrans.o
 .debug_abbrev  0x000006e3      0x500 C:\Users\User\AppData\Local\Temp\ccvxHLK6.ltrans1.ltrans.o
 .debug_abbrev  0x00000be3       0xb9 C:\Users\User\AppData\Local\Temp\ccvxHLK6.ltrans2.ltrans.o

.debug_loc      0x00000000     0x282d
 .debug_loc     0x00000000     0x1c07 C:\Users\User\AppData\Local\Temp\ccvxHLK6.ltrans0.ltrans.o
 .debug_loc     0x00001c07      0xc26 C:\Users\User\AppData\Local\Temp\ccvxHLK6.ltrans1.ltrans.o

.debug_aranges  0x00000000      0x238
 .debug_aranges
                0x00000000      0x1d8 C:\Users\User\AppData\Local\Temp\ccvxHLK6.ltrans0.ltrans.o
 .debug_aranges
                0x000001d8       0x40 C:\Users\User\AppData\Local\Temp\ccvxHLK6.ltrans1.ltrans.o
 .debug_aranges
                0x00000218       0x20 C:\Users\User\AppData\Local\Temp\ccvxHLK6.ltrans2.ltrans.o

.debug_ranges   0x00000000     0x1540
 .debug_ranges  0x00000000      0x620 C:\Users\User\AppData\Local\Temp\ccvxHLK6.ltrans0.ltrans.o
 .debug_ranges  0x00000620      0xf10 C:\Users\User\AppData\Local\Temp\ccvxHLK6.ltrans1.ltrans.o
 .debug_ranges  0x00001530       0x10 C:\Users\User\AppData\Local\Temp\ccvxHLK6.ltrans2.ltrans.o

.debug_line     0x00000000     0x2c19
 .debug_line    0x00000000     0x14ec C:\Users\User\AppData\Local\Temp\ccvxHLK6.ltrans0.ltrans.o
 .debug_line    0x000014ec     0x148c C:\Users\User\AppData\Local\Temp\ccvxHLK6.ltrans1.ltrans.o
 .debug_line    0x00002978      0x2a1 C:\Users\User\AppData\Local\Temp\ccvxHLK6.ltrans2.ltrans.o

.debug_str      0x00000000     0x1b46
 .debug_str     0x00000000     0x1125 C:\Users\User\AppData\Local\Temp\ccvxHLK6.ltrans0.ltrans.o
                               0x123b (size before relaxing)
 .debug_str     0x00001125      0x9e8 C:\Users\User\AppData\Local\Temp\ccvxHLK6.ltrans1.ltrans.o
                               0x1420 (size before relaxing)
 .debug_str     0x00001b0d       0x39 C:\Users\User\AppData\Local\Temp\ccvxHLK6.ltrans2.ltrans.o
                                0x24d (size before relaxing)

.debug_frame    0x00000000      0x804
 .debug_frame   0x00000000      0x63c C:\Users\User\AppData\Local\Temp\ccvxHLK6.ltrans0.ltrans.o
 .debug_frame   0x0000063c       0x88 C:\Users\User\AppData\Local\Temp\ccvxHLK6.ltrans1.ltrans.o
 .debug_frame   0x000006c4       0x20 C:\Users\User\AppData\Local\Temp\ccvxHLK6.ltrans2.ltrans.o
 .debug_frame   0x000006e4       0xac c:/chibi/chibistudio17v3_windows/chibistudio/tools/gnu tools arm embedded/6.3 2017q1/bin/../lib/gcc/arm-none-eabi/6.3.1/thumb/v7e-m\libgcc.a(_arm_addsubdf3.o)
 .debug_frame   0x00000790       0x50 c:/chibi/chibistudio17v3_windows/chibistudio/tools/gnu tools arm embedded/6.3 2017q1/bin/../lib/gcc/arm-none-eabi/6.3.1/thumb/v7e-m\libgcc.a(_arm_muldivdf3.o)
 .debug_frame   0x000007e0       0x24 c:/chibi/chibistudio17v3_windows/chibistudio/tools/gnu tools arm embedded/6.3 2017q1/bin/../lib/gcc/arm-none-eabi/6.3.1/thumb/v7e-m\libgcc.a(_arm_fixdfsi.o)

Cross Reference Table

Symbol                                            File
ADCD1                                             C:\Users\User\AppData\Local\Temp\ccvxHLK6.ltrans1.ltrans.o
                                                  build/obj/hal_adc_lld.o (symbol from plugin)
                                                  C:\Users\User\AppData\Local\Temp\ccvxHLK6.ltrans0.ltrans.o
                                                  build/obj/main.o (symbol from plugin)
BusFault_Handler                                  C:\Users\User\AppData\Local\Temp\ccvxHLK6.ltrans0.ltrans.o
                                                  build/obj/vectors.o (symbol from plugin)
                                                  C:\Users\User\AppData\Local\Temp\ccvxHLK6.ltrans1.ltrans.o
DebugMon_Handler                                  C:\Users\User\AppData\Local\Temp\ccvxHLK6.ltrans0.ltrans.o
                                                  build/obj/vectors.o (symbol from plugin)
                                                  C:\Users\User\AppData\Local\Temp\ccvxHLK6.ltrans1.ltrans.o
GPTD4                                             C:\Users\User\AppData\Local\Temp\ccvxHLK6.ltrans1.ltrans.o
                                                  build/obj/hal_gpt_lld.o (symbol from plugin)
                                                  C:\Users\User\AppData\Local\Temp\ccvxHLK6.ltrans0.ltrans.o
                                                  build/obj/main.o (symbol from plugin)
HardFault_Handler                                 C:\Users\User\AppData\Local\Temp\ccvxHLK6.ltrans0.ltrans.o
                                                  build/obj/vectors.o (symbol from plugin)
                                                  C:\Users\User\AppData\Local\Temp\ccvxHLK6.ltrans1.ltrans.o
MemManage_Handler                                 C:\Users\User\AppData\Local\Temp\ccvxHLK6.ltrans0.ltrans.o
                                                  build/obj/vectors.o (symbol from plugin)
                                                  C:\Users\User\AppData\Local\Temp\ccvxHLK6.ltrans1.ltrans.o
NMI_Handler                                       C:\Users\User\AppData\Local\Temp\ccvxHLK6.ltrans0.ltrans.o
                                                  build/obj/vectors.o (symbol from plugin)
                                                  C:\Users\User\AppData\Local\Temp\ccvxHLK6.ltrans1.ltrans.o
PWMD3                                             C:\Users\User\AppData\Local\Temp\ccvxHLK6.ltrans1.ltrans.o
                                                  build/obj/hal_pwm_lld.o (symbol from plugin)
                                                  C:\Users\User\AppData\Local\Temp\ccvxHLK6.ltrans0.ltrans.o
                                                  build/obj/main.o (symbol from plugin)
PendSV_Handler                                    C:\Users\User\AppData\Local\Temp\ccvxHLK6.ltrans0.ltrans.o
                                                  build/obj/vectors.o (symbol from plugin)
                                                  C:\Users\User\AppData\Local\Temp\ccvxHLK6.ltrans1.ltrans.o
Reset_Handler                                     build/obj/crt0_v7m.o
                                                  C:\Users\User\AppData\Local\Temp\ccvxHLK6.ltrans1.ltrans.o
                                                  build/obj/vectors.o (symbol from plugin)
SD7                                               C:\Users\User\AppData\Local\Temp\ccvxHLK6.ltrans1.ltrans.o
                                                  build/obj/hal_serial_lld.o (symbol from plugin)
                                                  C:\Users\User\AppData\Local\Temp\ccvxHLK6.ltrans0.ltrans.o
                                                  build/obj/main.o (symbol from plugin)
SD8                                               build/obj/hal_serial_lld.o (symbol from plugin)
SVC_Handler                                       C:\Users\User\AppData\Local\Temp\ccvxHLK6.ltrans0.ltrans.o
                                                  build/obj/chcore_v7m.o (symbol from plugin)
                                                  build/obj/vectors.o (symbol from plugin)
                                                  C:\Users\User\AppData\Local\Temp\ccvxHLK6.ltrans1.ltrans.o
SysTick_Handler                                   C:\Users\User\AppData\Local\Temp\ccvxHLK6.ltrans0.ltrans.o
                                                  build/obj/hal_st_lld.o (symbol from plugin)
                                                  build/obj/vectors.o (symbol from plugin)
                                                  C:\Users\User\AppData\Local\Temp\ccvxHLK6.ltrans1.ltrans.o
SystemCoreClock                                   build/obj/hal_lld.o (symbol from plugin)
UsageFault_Handler                                C:\Users\User\AppData\Local\Temp\ccvxHLK6.ltrans0.ltrans.o
                                                  build/obj/vectors.o (symbol from plugin)
                                                  C:\Users\User\AppData\Local\Temp\ccvxHLK6.ltrans1.ltrans.o
Vector100                                         C:\Users\User\AppData\Local\Temp\ccvxHLK6.ltrans0.ltrans.o
                                                  build/obj/vectors.o (symbol from plugin)
                                                  C:\Users\User\AppData\Local\Temp\ccvxHLK6.ltrans1.ltrans.o
Vector104                                         C:\Users\User\AppData\Local\Temp\ccvxHLK6.ltrans0.ltrans.o
                                                  build/obj/vectors.o (symbol from plugin)
                                                  C:\Users\User\AppData\Local\Temp\ccvxHLK6.ltrans1.ltrans.o
Vector108                                         C:\Users\User\AppData\Local\Temp\ccvxHLK6.ltrans0.ltrans.o
                                                  build/obj/vectors.o (symbol from plugin)
                                                  C:\Users\User\AppData\Local\Temp\ccvxHLK6.ltrans1.ltrans.o
Vector10C                                         C:\Users\User\AppData\Local\Temp\ccvxHLK6.ltrans0.ltrans.o
                                                  build/obj/vectors.o (symbol from plugin)
                                                  C:\Users\User\AppData\Local\Temp\ccvxHLK6.ltrans1.ltrans.o
Vector110                                         C:\Users\User\AppData\Local\Temp\ccvxHLK6.ltrans0.ltrans.o
                                                  build/obj/vectors.o (symbol from plugin)
                                                  C:\Users\User\AppData\Local\Temp\ccvxHLK6.ltrans1.ltrans.o
Vector114                                         C:\Users\User\AppData\Local\Temp\ccvxHLK6.ltrans0.ltrans.o
                                                  build/obj/vectors.o (symbol from plugin)
                                                  C:\Users\User\AppData\Local\Temp\ccvxHLK6.ltrans1.ltrans.o
Vector118                                         C:\Users\User\AppData\Local\Temp\ccvxHLK6.ltrans0.ltrans.o
                                                  build/obj/vectors.o (symbol from plugin)
                                                  C:\Users\User\AppData\Local\Temp\ccvxHLK6.ltrans1.ltrans.o
Vector11C                                         C:\Users\User\AppData\Local\Temp\ccvxHLK6.ltrans0.ltrans.o
                                                  build/obj/vectors.o (symbol from plugin)
                                                  C:\Users\User\AppData\Local\Temp\ccvxHLK6.ltrans1.ltrans.o
Vector120                                         C:\Users\User\AppData\Local\Temp\ccvxHLK6.ltrans0.ltrans.o
                                                  build/obj/stm32_dma.o (symbol from plugin)
                                                  build/obj/vectors.o (symbol from plugin)
                                                  C:\Users\User\AppData\Local\Temp\ccvxHLK6.ltrans1.ltrans.o
Vector124                                         C:\Users\User\AppData\Local\Temp\ccvxHLK6.ltrans0.ltrans.o
                                                  build/obj/stm32_dma.o (symbol from plugin)
                                                  build/obj/vectors.o (symbol from plugin)
                                                  C:\Users\User\AppData\Local\Temp\ccvxHLK6.ltrans1.ltrans.o
Vector128                                         C:\Users\User\AppData\Local\Temp\ccvxHLK6.ltrans0.ltrans.o
                                                  build/obj/stm32_dma.o (symbol from plugin)
                                                  build/obj/vectors.o (symbol from plugin)
                                                  C:\Users\User\AppData\Local\Temp\ccvxHLK6.ltrans1.ltrans.o
Vector12C                                         C:\Users\User\AppData\Local\Temp\ccvxHLK6.ltrans0.ltrans.o
                                                  build/obj/stm32_dma.o (symbol from plugin)
                                                  build/obj/vectors.o (symbol from plugin)
                                                  C:\Users\User\AppData\Local\Temp\ccvxHLK6.ltrans1.ltrans.o
Vector130                                         C:\Users\User\AppData\Local\Temp\ccvxHLK6.ltrans0.ltrans.o
                                                  build/obj/stm32_dma.o (symbol from plugin)
                                                  build/obj/vectors.o (symbol from plugin)
                                                  C:\Users\User\AppData\Local\Temp\ccvxHLK6.ltrans1.ltrans.o
Vector134                                         C:\Users\User\AppData\Local\Temp\ccvxHLK6.ltrans0.ltrans.o
                                                  build/obj/vectors.o (symbol from plugin)
                                                  C:\Users\User\AppData\Local\Temp\ccvxHLK6.ltrans1.ltrans.o
Vector138                                         C:\Users\User\AppData\Local\Temp\ccvxHLK6.ltrans0.ltrans.o
                                                  build/obj/vectors.o (symbol from plugin)
                                                  C:\Users\User\AppData\Local\Temp\ccvxHLK6.ltrans1.ltrans.o
Vector13C                                         C:\Users\User\AppData\Local\Temp\ccvxHLK6.ltrans0.ltrans.o
                                                  build/obj/vectors.o (symbol from plugin)
                                                  C:\Users\User\AppData\Local\Temp\ccvxHLK6.ltrans1.ltrans.o
Vector140                                         C:\Users\User\AppData\Local\Temp\ccvxHLK6.ltrans0.ltrans.o
                                                  build/obj/vectors.o (symbol from plugin)
                                                  C:\Users\User\AppData\Local\Temp\ccvxHLK6.ltrans1.ltrans.o
Vector144                                         C:\Users\User\AppData\Local\Temp\ccvxHLK6.ltrans0.ltrans.o
                                                  build/obj/vectors.o (symbol from plugin)
                                                  C:\Users\User\AppData\Local\Temp\ccvxHLK6.ltrans1.ltrans.o
Vector148                                         C:\Users\User\AppData\Local\Temp\ccvxHLK6.ltrans0.ltrans.o
                                                  build/obj/vectors.o (symbol from plugin)
                                                  C:\Users\User\AppData\Local\Temp\ccvxHLK6.ltrans1.ltrans.o
Vector14C                                         C:\Users\User\AppData\Local\Temp\ccvxHLK6.ltrans0.ltrans.o
                                                  build/obj/vectors.o (symbol from plugin)
                                                  C:\Users\User\AppData\Local\Temp\ccvxHLK6.ltrans1.ltrans.o
Vector150                                         C:\Users\User\AppData\Local\Temp\ccvxHLK6.ltrans0.ltrans.o
                                                  build/obj/stm32_dma.o (symbol from plugin)
                                                  build/obj/vectors.o (symbol from plugin)
                                                  C:\Users\User\AppData\Local\Temp\ccvxHLK6.ltrans1.ltrans.o
Vector154                                         C:\Users\User\AppData\Local\Temp\ccvxHLK6.ltrans0.ltrans.o
                                                  build/obj/stm32_dma.o (symbol from plugin)
                                                  build/obj/vectors.o (symbol from plugin)
                                                  C:\Users\User\AppData\Local\Temp\ccvxHLK6.ltrans1.ltrans.o
Vector158                                         C:\Users\User\AppData\Local\Temp\ccvxHLK6.ltrans0.ltrans.o
                                                  build/obj/stm32_dma.o (symbol from plugin)
                                                  build/obj/vectors.o (symbol from plugin)
                                                  C:\Users\User\AppData\Local\Temp\ccvxHLK6.ltrans1.ltrans.o
Vector15C                                         C:\Users\User\AppData\Local\Temp\ccvxHLK6.ltrans0.ltrans.o
                                                  build/obj/vectors.o (symbol from plugin)
                                                  C:\Users\User\AppData\Local\Temp\ccvxHLK6.ltrans1.ltrans.o
Vector160                                         C:\Users\User\AppData\Local\Temp\ccvxHLK6.ltrans0.ltrans.o
                                                  build/obj/vectors.o (symbol from plugin)
                                                  C:\Users\User\AppData\Local\Temp\ccvxHLK6.ltrans1.ltrans.o
Vector164                                         C:\Users\User\AppData\Local\Temp\ccvxHLK6.ltrans0.ltrans.o
                                                  build/obj/vectors.o (symbol from plugin)
                                                  C:\Users\User\AppData\Local\Temp\ccvxHLK6.ltrans1.ltrans.o
Vector168                                         C:\Users\User\AppData\Local\Temp\ccvxHLK6.ltrans0.ltrans.o
                                                  build/obj/vectors.o (symbol from plugin)
                                                  C:\Users\User\AppData\Local\Temp\ccvxHLK6.ltrans1.ltrans.o
Vector16C                                         C:\Users\User\AppData\Local\Temp\ccvxHLK6.ltrans0.ltrans.o
                                                  build/obj/vectors.o (symbol from plugin)
                                                  C:\Users\User\AppData\Local\Temp\ccvxHLK6.ltrans1.ltrans.o
Vector170                                         C:\Users\User\AppData\Local\Temp\ccvxHLK6.ltrans0.ltrans.o
                                                  build/obj/vectors.o (symbol from plugin)
                                                  C:\Users\User\AppData\Local\Temp\ccvxHLK6.ltrans1.ltrans.o
Vector174                                         C:\Users\User\AppData\Local\Temp\ccvxHLK6.ltrans0.ltrans.o
                                                  build/obj/vectors.o (symbol from plugin)
                                                  C:\Users\User\AppData\Local\Temp\ccvxHLK6.ltrans1.ltrans.o
Vector178                                         C:\Users\User\AppData\Local\Temp\ccvxHLK6.ltrans0.ltrans.o
                                                  build/obj/vectors.o (symbol from plugin)
                                                  C:\Users\User\AppData\Local\Temp\ccvxHLK6.ltrans1.ltrans.o
Vector17C                                         C:\Users\User\AppData\Local\Temp\ccvxHLK6.ltrans0.ltrans.o
                                                  build/obj/vectors.o (symbol from plugin)
                                                  C:\Users\User\AppData\Local\Temp\ccvxHLK6.ltrans1.ltrans.o
Vector180                                         C:\Users\User\AppData\Local\Temp\ccvxHLK6.ltrans0.ltrans.o
                                                  build/obj/vectors.o (symbol from plugin)
                                                  C:\Users\User\AppData\Local\Temp\ccvxHLK6.ltrans1.ltrans.o
Vector184                                         C:\Users\User\AppData\Local\Temp\ccvxHLK6.ltrans0.ltrans.o
                                                  build/obj/vectors.o (symbol from plugin)
                                                  C:\Users\User\AppData\Local\Temp\ccvxHLK6.ltrans1.ltrans.o
Vector188                                         C:\Users\User\AppData\Local\Temp\ccvxHLK6.ltrans0.ltrans.o
                                                  build/obj/hal_serial_lld.o (symbol from plugin)
                                                  build/obj/vectors.o (symbol from plugin)
                                                  C:\Users\User\AppData\Local\Temp\ccvxHLK6.ltrans1.ltrans.o
Vector18C                                         build/obj/hal_serial_lld.o (symbol from plugin)
                                                  build/obj/vectors.o (symbol from plugin)
Vector190                                         C:\Users\User\AppData\Local\Temp\ccvxHLK6.ltrans0.ltrans.o
                                                  build/obj/vectors.o (symbol from plugin)
                                                  C:\Users\User\AppData\Local\Temp\ccvxHLK6.ltrans1.ltrans.o
Vector194                                         C:\Users\User\AppData\Local\Temp\ccvxHLK6.ltrans0.ltrans.o
                                                  build/obj/vectors.o (symbol from plugin)
                                                  C:\Users\User\AppData\Local\Temp\ccvxHLK6.ltrans1.ltrans.o
Vector198                                         C:\Users\User\AppData\Local\Temp\ccvxHLK6.ltrans0.ltrans.o
                                                  build/obj/vectors.o (symbol from plugin)
                                                  C:\Users\User\AppData\Local\Temp\ccvxHLK6.ltrans1.ltrans.o
Vector19C                                         C:\Users\User\AppData\Local\Temp\ccvxHLK6.ltrans0.ltrans.o
                                                  build/obj/vectors.o (symbol from plugin)
                                                  C:\Users\User\AppData\Local\Temp\ccvxHLK6.ltrans1.ltrans.o
Vector1A0                                         C:\Users\User\AppData\Local\Temp\ccvxHLK6.ltrans0.ltrans.o
                                                  build/obj/vectors.o (symbol from plugin)
                                                  C:\Users\User\AppData\Local\Temp\ccvxHLK6.ltrans1.ltrans.o
Vector1A4                                         C:\Users\User\AppData\Local\Temp\ccvxHLK6.ltrans0.ltrans.o
                                                  build/obj/vectors.o (symbol from plugin)
                                                  C:\Users\User\AppData\Local\Temp\ccvxHLK6.ltrans1.ltrans.o
Vector1A8                                         C:\Users\User\AppData\Local\Temp\ccvxHLK6.ltrans0.ltrans.o
                                                  build/obj/vectors.o (symbol from plugin)
                                                  C:\Users\User\AppData\Local\Temp\ccvxHLK6.ltrans1.ltrans.o
Vector1AC                                         C:\Users\User\AppData\Local\Temp\ccvxHLK6.ltrans0.ltrans.o
                                                  build/obj/vectors.o (symbol from plugin)
                                                  C:\Users\User\AppData\Local\Temp\ccvxHLK6.ltrans1.ltrans.o
Vector1B0                                         C:\Users\User\AppData\Local\Temp\ccvxHLK6.ltrans0.ltrans.o
                                                  build/obj/vectors.o (symbol from plugin)
                                                  C:\Users\User\AppData\Local\Temp\ccvxHLK6.ltrans1.ltrans.o
Vector1B4                                         C:\Users\User\AppData\Local\Temp\ccvxHLK6.ltrans0.ltrans.o
                                                  build/obj/vectors.o (symbol from plugin)
                                                  C:\Users\User\AppData\Local\Temp\ccvxHLK6.ltrans1.ltrans.o
Vector1B8                                         C:\Users\User\AppData\Local\Temp\ccvxHLK6.ltrans0.ltrans.o
                                                  build/obj/vectors.o (symbol from plugin)
                                                  C:\Users\User\AppData\Local\Temp\ccvxHLK6.ltrans1.ltrans.o
Vector1BC                                         C:\Users\User\AppData\Local\Temp\ccvxHLK6.ltrans0.ltrans.o
                                                  build/obj/vectors.o (symbol from plugin)
                                                  C:\Users\User\AppData\Local\Temp\ccvxHLK6.ltrans1.ltrans.o
Vector1C                                          C:\Users\User\AppData\Local\Temp\ccvxHLK6.ltrans0.ltrans.o
                                                  build/obj/vectors.o (symbol from plugin)
                                                  C:\Users\User\AppData\Local\Temp\ccvxHLK6.ltrans1.ltrans.o
Vector1C0                                         C:\Users\User\AppData\Local\Temp\ccvxHLK6.ltrans0.ltrans.o
                                                  build/obj/vectors.o (symbol from plugin)
                                                  C:\Users\User\AppData\Local\Temp\ccvxHLK6.ltrans1.ltrans.o
Vector1C4                                         C:\Users\User\AppData\Local\Temp\ccvxHLK6.ltrans0.ltrans.o
                                                  build/obj/vectors.o (symbol from plugin)
                                                  C:\Users\User\AppData\Local\Temp\ccvxHLK6.ltrans1.ltrans.o
Vector1C8                                         C:\Users\User\AppData\Local\Temp\ccvxHLK6.ltrans0.ltrans.o
                                                  build/obj/vectors.o (symbol from plugin)
                                                  C:\Users\User\AppData\Local\Temp\ccvxHLK6.ltrans1.ltrans.o
Vector1CC                                         C:\Users\User\AppData\Local\Temp\ccvxHLK6.ltrans0.ltrans.o
                                                  build/obj/vectors.o (symbol from plugin)
                                                  C:\Users\User\AppData\Local\Temp\ccvxHLK6.ltrans1.ltrans.o
Vector1D0                                         C:\Users\User\AppData\Local\Temp\ccvxHLK6.ltrans0.ltrans.o
                                                  build/obj/vectors.o (symbol from plugin)
                                                  C:\Users\User\AppData\Local\Temp\ccvxHLK6.ltrans1.ltrans.o
Vector1D4                                         C:\Users\User\AppData\Local\Temp\ccvxHLK6.ltrans0.ltrans.o
                                                  build/obj/vectors.o (symbol from plugin)
                                                  C:\Users\User\AppData\Local\Temp\ccvxHLK6.ltrans1.ltrans.o
Vector1D8                                         C:\Users\User\AppData\Local\Temp\ccvxHLK6.ltrans0.ltrans.o
                                                  build/obj/vectors.o (symbol from plugin)
                                                  C:\Users\User\AppData\Local\Temp\ccvxHLK6.ltrans1.ltrans.o
Vector1DC                                         C:\Users\User\AppData\Local\Temp\ccvxHLK6.ltrans0.ltrans.o
                                                  build/obj/vectors.o (symbol from plugin)
                                                  C:\Users\User\AppData\Local\Temp\ccvxHLK6.ltrans1.ltrans.o
Vector1E0                                         C:\Users\User\AppData\Local\Temp\ccvxHLK6.ltrans0.ltrans.o
                                                  build/obj/vectors.o (symbol from plugin)
                                                  C:\Users\User\AppData\Local\Temp\ccvxHLK6.ltrans1.ltrans.o
Vector1E4                                         C:\Users\User\AppData\Local\Temp\ccvxHLK6.ltrans0.ltrans.o
                                                  build/obj/vectors.o (symbol from plugin)
                                                  C:\Users\User\AppData\Local\Temp\ccvxHLK6.ltrans1.ltrans.o
Vector1E8                                         C:\Users\User\AppData\Local\Temp\ccvxHLK6.ltrans0.ltrans.o
                                                  build/obj/vectors.o (symbol from plugin)
                                                  C:\Users\User\AppData\Local\Temp\ccvxHLK6.ltrans1.ltrans.o
Vector1EC                                         C:\Users\User\AppData\Local\Temp\ccvxHLK6.ltrans0.ltrans.o
                                                  build/obj/vectors.o (symbol from plugin)
                                                  C:\Users\User\AppData\Local\Temp\ccvxHLK6.ltrans1.ltrans.o
Vector1F0                                         C:\Users\User\AppData\Local\Temp\ccvxHLK6.ltrans0.ltrans.o
                                                  build/obj/vectors.o (symbol from plugin)
                                                  C:\Users\User\AppData\Local\Temp\ccvxHLK6.ltrans1.ltrans.o
Vector1F4                                         C:\Users\User\AppData\Local\Temp\ccvxHLK6.ltrans0.ltrans.o
                                                  build/obj/vectors.o (symbol from plugin)
                                                  C:\Users\User\AppData\Local\Temp\ccvxHLK6.ltrans1.ltrans.o
Vector1F8                                         C:\Users\User\AppData\Local\Temp\ccvxHLK6.ltrans0.ltrans.o
                                                  build/obj/vectors.o (symbol from plugin)
                                                  C:\Users\User\AppData\Local\Temp\ccvxHLK6.ltrans1.ltrans.o
Vector1FC                                         C:\Users\User\AppData\Local\Temp\ccvxHLK6.ltrans0.ltrans.o
                                                  build/obj/vectors.o (symbol from plugin)
                                                  C:\Users\User\AppData\Local\Temp\ccvxHLK6.ltrans1.ltrans.o
Vector20                                          C:\Users\User\AppData\Local\Temp\ccvxHLK6.ltrans0.ltrans.o
                                                  build/obj/vectors.o (symbol from plugin)
                                                  C:\Users\User\AppData\Local\Temp\ccvxHLK6.ltrans1.ltrans.o
Vector24                                          C:\Users\User\AppData\Local\Temp\ccvxHLK6.ltrans0.ltrans.o
                                                  build/obj/vectors.o (symbol from plugin)
                                                  C:\Users\User\AppData\Local\Temp\ccvxHLK6.ltrans1.ltrans.o
Vector28                                          C:\Users\User\AppData\Local\Temp\ccvxHLK6.ltrans0.ltrans.o
                                                  build/obj/vectors.o (symbol from plugin)
                                                  C:\Users\User\AppData\Local\Temp\ccvxHLK6.ltrans1.ltrans.o
Vector34                                          C:\Users\User\AppData\Local\Temp\ccvxHLK6.ltrans0.ltrans.o
                                                  build/obj/vectors.o (symbol from plugin)
                                                  C:\Users\User\AppData\Local\Temp\ccvxHLK6.ltrans1.ltrans.o
Vector40                                          C:\Users\User\AppData\Local\Temp\ccvxHLK6.ltrans0.ltrans.o
                                                  build/obj/vectors.o (symbol from plugin)
                                                  C:\Users\User\AppData\Local\Temp\ccvxHLK6.ltrans1.ltrans.o
Vector44                                          C:\Users\User\AppData\Local\Temp\ccvxHLK6.ltrans0.ltrans.o
                                                  build/obj/vectors.o (symbol from plugin)
                                                  C:\Users\User\AppData\Local\Temp\ccvxHLK6.ltrans1.ltrans.o
Vector48                                          C:\Users\User\AppData\Local\Temp\ccvxHLK6.ltrans0.ltrans.o
                                                  build/obj/vectors.o (symbol from plugin)
                                                  C:\Users\User\AppData\Local\Temp\ccvxHLK6.ltrans1.ltrans.o
Vector4C                                          C:\Users\User\AppData\Local\Temp\ccvxHLK6.ltrans0.ltrans.o
                                                  build/obj/vectors.o (symbol from plugin)
                                                  C:\Users\User\AppData\Local\Temp\ccvxHLK6.ltrans1.ltrans.o
Vector50                                          C:\Users\User\AppData\Local\Temp\ccvxHLK6.ltrans0.ltrans.o
                                                  build/obj/vectors.o (symbol from plugin)
                                                  C:\Users\User\AppData\Local\Temp\ccvxHLK6.ltrans1.ltrans.o
Vector54                                          C:\Users\User\AppData\Local\Temp\ccvxHLK6.ltrans0.ltrans.o
                                                  build/obj/vectors.o (symbol from plugin)
                                                  C:\Users\User\AppData\Local\Temp\ccvxHLK6.ltrans1.ltrans.o
Vector58                                          C:\Users\User\AppData\Local\Temp\ccvxHLK6.ltrans0.ltrans.o
                                                  build/obj/vectors.o (symbol from plugin)
                                                  C:\Users\User\AppData\Local\Temp\ccvxHLK6.ltrans1.ltrans.o
Vector5C                                          C:\Users\User\AppData\Local\Temp\ccvxHLK6.ltrans0.ltrans.o
                                                  build/obj/vectors.o (symbol from plugin)
                                                  C:\Users\User\AppData\Local\Temp\ccvxHLK6.ltrans1.ltrans.o
Vector60                                          C:\Users\User\AppData\Local\Temp\ccvxHLK6.ltrans0.ltrans.o
                                                  build/obj/vectors.o (symbol from plugin)
                                                  C:\Users\User\AppData\Local\Temp\ccvxHLK6.ltrans1.ltrans.o
Vector64                                          C:\Users\User\AppData\Local\Temp\ccvxHLK6.ltrans0.ltrans.o
                                                  build/obj/vectors.o (symbol from plugin)
                                                  C:\Users\User\AppData\Local\Temp\ccvxHLK6.ltrans1.ltrans.o
Vector68                                          C:\Users\User\AppData\Local\Temp\ccvxHLK6.ltrans0.ltrans.o
                                                  build/obj/vectors.o (symbol from plugin)
                                                  C:\Users\User\AppData\Local\Temp\ccvxHLK6.ltrans1.ltrans.o
Vector6C                                          C:\Users\User\AppData\Local\Temp\ccvxHLK6.ltrans0.ltrans.o
                                                  build/obj/stm32_dma.o (symbol from plugin)
                                                  build/obj/vectors.o (symbol from plugin)
                                                  C:\Users\User\AppData\Local\Temp\ccvxHLK6.ltrans1.ltrans.o
Vector70                                          C:\Users\User\AppData\Local\Temp\ccvxHLK6.ltrans0.ltrans.o
                                                  build/obj/stm32_dma.o (symbol from plugin)
                                                  build/obj/vectors.o (symbol from plugin)
                                                  C:\Users\User\AppData\Local\Temp\ccvxHLK6.ltrans1.ltrans.o
Vector74                                          C:\Users\User\AppData\Local\Temp\ccvxHLK6.ltrans0.ltrans.o
                                                  build/obj/stm32_dma.o (symbol from plugin)
                                                  build/obj/vectors.o (symbol from plugin)
                                                  C:\Users\User\AppData\Local\Temp\ccvxHLK6.ltrans1.ltrans.o
Vector78                                          C:\Users\User\AppData\Local\Temp\ccvxHLK6.ltrans0.ltrans.o
                                                  build/obj/stm32_dma.o (symbol from plugin)
                                                  build/obj/vectors.o (symbol from plugin)
                                                  C:\Users\User\AppData\Local\Temp\ccvxHLK6.ltrans1.ltrans.o
Vector7C                                          C:\Users\User\AppData\Local\Temp\ccvxHLK6.ltrans0.ltrans.o
                                                  build/obj/stm32_dma.o (symbol from plugin)
                                                  build/obj/vectors.o (symbol from plugin)
                                                  C:\Users\User\AppData\Local\Temp\ccvxHLK6.ltrans1.ltrans.o
Vector80                                          C:\Users\User\AppData\Local\Temp\ccvxHLK6.ltrans0.ltrans.o
                                                  build/obj/stm32_dma.o (symbol from plugin)
                                                  build/obj/vectors.o (symbol from plugin)
                                                  C:\Users\User\AppData\Local\Temp\ccvxHLK6.ltrans1.ltrans.o
Vector84                                          C:\Users\User\AppData\Local\Temp\ccvxHLK6.ltrans0.ltrans.o
                                                  build/obj/stm32_dma.o (symbol from plugin)
                                                  build/obj/vectors.o (symbol from plugin)
                                                  C:\Users\User\AppData\Local\Temp\ccvxHLK6.ltrans1.ltrans.o
Vector88                                          C:\Users\User\AppData\Local\Temp\ccvxHLK6.ltrans0.ltrans.o
                                                  build/obj/hal_adc_lld.o (symbol from plugin)
                                                  build/obj/vectors.o (symbol from plugin)
                                                  C:\Users\User\AppData\Local\Temp\ccvxHLK6.ltrans1.ltrans.o
Vector8C                                          C:\Users\User\AppData\Local\Temp\ccvxHLK6.ltrans0.ltrans.o
                                                  build/obj/vectors.o (symbol from plugin)
                                                  C:\Users\User\AppData\Local\Temp\ccvxHLK6.ltrans1.ltrans.o
Vector90                                          C:\Users\User\AppData\Local\Temp\ccvxHLK6.ltrans0.ltrans.o
                                                  build/obj/vectors.o (symbol from plugin)
                                                  C:\Users\User\AppData\Local\Temp\ccvxHLK6.ltrans1.ltrans.o
Vector94                                          C:\Users\User\AppData\Local\Temp\ccvxHLK6.ltrans0.ltrans.o
                                                  build/obj/vectors.o (symbol from plugin)
                                                  C:\Users\User\AppData\Local\Temp\ccvxHLK6.ltrans1.ltrans.o
Vector98                                          C:\Users\User\AppData\Local\Temp\ccvxHLK6.ltrans0.ltrans.o
                                                  build/obj/vectors.o (symbol from plugin)
                                                  C:\Users\User\AppData\Local\Temp\ccvxHLK6.ltrans1.ltrans.o
Vector9C                                          C:\Users\User\AppData\Local\Temp\ccvxHLK6.ltrans0.ltrans.o
                                                  build/obj/vectors.o (symbol from plugin)
                                                  C:\Users\User\AppData\Local\Temp\ccvxHLK6.ltrans1.ltrans.o
VectorA0                                          C:\Users\User\AppData\Local\Temp\ccvxHLK6.ltrans0.ltrans.o
                                                  build/obj/vectors.o (symbol from plugin)
                                                  C:\Users\User\AppData\Local\Temp\ccvxHLK6.ltrans1.ltrans.o
VectorA4                                          C:\Users\User\AppData\Local\Temp\ccvxHLK6.ltrans0.ltrans.o
                                                  build/obj/vectors.o (symbol from plugin)
                                                  C:\Users\User\AppData\Local\Temp\ccvxHLK6.ltrans1.ltrans.o
VectorA8                                          C:\Users\User\AppData\Local\Temp\ccvxHLK6.ltrans0.ltrans.o
                                                  build/obj/vectors.o (symbol from plugin)
                                                  C:\Users\User\AppData\Local\Temp\ccvxHLK6.ltrans1.ltrans.o
VectorAC                                          C:\Users\User\AppData\Local\Temp\ccvxHLK6.ltrans0.ltrans.o
                                                  build/obj/vectors.o (symbol from plugin)
                                                  C:\Users\User\AppData\Local\Temp\ccvxHLK6.ltrans1.ltrans.o
VectorB0                                          C:\Users\User\AppData\Local\Temp\ccvxHLK6.ltrans0.ltrans.o
                                                  build/obj/vectors.o (symbol from plugin)
                                                  C:\Users\User\AppData\Local\Temp\ccvxHLK6.ltrans1.ltrans.o
VectorB4                                          C:\Users\User\AppData\Local\Temp\ccvxHLK6.ltrans0.ltrans.o
                                                  build/obj/hal_pwm_lld.o (symbol from plugin)
                                                  build/obj/vectors.o (symbol from plugin)
                                                  C:\Users\User\AppData\Local\Temp\ccvxHLK6.ltrans1.ltrans.o
VectorB8                                          C:\Users\User\AppData\Local\Temp\ccvxHLK6.ltrans0.ltrans.o
                                                  build/obj/hal_gpt_lld.o (symbol from plugin)
                                                  build/obj/vectors.o (symbol from plugin)
                                                  C:\Users\User\AppData\Local\Temp\ccvxHLK6.ltrans1.ltrans.o
VectorBC                                          C:\Users\User\AppData\Local\Temp\ccvxHLK6.ltrans0.ltrans.o
                                                  build/obj/vectors.o (symbol from plugin)
                                                  C:\Users\User\AppData\Local\Temp\ccvxHLK6.ltrans1.ltrans.o
VectorC0                                          C:\Users\User\AppData\Local\Temp\ccvxHLK6.ltrans0.ltrans.o
                                                  build/obj/vectors.o (symbol from plugin)
                                                  C:\Users\User\AppData\Local\Temp\ccvxHLK6.ltrans1.ltrans.o
VectorC4                                          C:\Users\User\AppData\Local\Temp\ccvxHLK6.ltrans0.ltrans.o
                                                  build/obj/vectors.o (symbol from plugin)
                                                  C:\Users\User\AppData\Local\Temp\ccvxHLK6.ltrans1.ltrans.o
VectorC8                                          C:\Users\User\AppData\Local\Temp\ccvxHLK6.ltrans0.ltrans.o
                                                  build/obj/vectors.o (symbol from plugin)
                                                  C:\Users\User\AppData\Local\Temp\ccvxHLK6.ltrans1.ltrans.o
VectorCC                                          C:\Users\User\AppData\Local\Temp\ccvxHLK6.ltrans0.ltrans.o
                                                  build/obj/vectors.o (symbol from plugin)
                                                  C:\Users\User\AppData\Local\Temp\ccvxHLK6.ltrans1.ltrans.o
VectorD0                                          C:\Users\User\AppData\Local\Temp\ccvxHLK6.ltrans0.ltrans.o
                                                  build/obj/vectors.o (symbol from plugin)
                                                  C:\Users\User\AppData\Local\Temp\ccvxHLK6.ltrans1.ltrans.o
VectorD4                                          C:\Users\User\AppData\Local\Temp\ccvxHLK6.ltrans0.ltrans.o
                                                  build/obj/vectors.o (symbol from plugin)
                                                  C:\Users\User\AppData\Local\Temp\ccvxHLK6.ltrans1.ltrans.o
VectorD8                                          C:\Users\User\AppData\Local\Temp\ccvxHLK6.ltrans0.ltrans.o
                                                  build/obj/vectors.o (symbol from plugin)
                                                  C:\Users\User\AppData\Local\Temp\ccvxHLK6.ltrans1.ltrans.o
VectorDC                                          C:\Users\User\AppData\Local\Temp\ccvxHLK6.ltrans0.ltrans.o
                                                  build/obj/vectors.o (symbol from plugin)
                                                  C:\Users\User\AppData\Local\Temp\ccvxHLK6.ltrans1.ltrans.o
VectorE0                                          C:\Users\User\AppData\Local\Temp\ccvxHLK6.ltrans0.ltrans.o
                                                  build/obj/vectors.o (symbol from plugin)
                                                  C:\Users\User\AppData\Local\Temp\ccvxHLK6.ltrans1.ltrans.o
VectorE4                                          C:\Users\User\AppData\Local\Temp\ccvxHLK6.ltrans0.ltrans.o
                                                  build/obj/vectors.o (symbol from plugin)
                                                  C:\Users\User\AppData\Local\Temp\ccvxHLK6.ltrans1.ltrans.o
VectorE8                                          C:\Users\User\AppData\Local\Temp\ccvxHLK6.ltrans0.ltrans.o
                                                  build/obj/vectors.o (symbol from plugin)
                                                  C:\Users\User\AppData\Local\Temp\ccvxHLK6.ltrans1.ltrans.o
VectorEC                                          C:\Users\User\AppData\Local\Temp\ccvxHLK6.ltrans0.ltrans.o
                                                  build/obj/vectors.o (symbol from plugin)
                                                  C:\Users\User\AppData\Local\Temp\ccvxHLK6.ltrans1.ltrans.o
VectorF0                                          C:\Users\User\AppData\Local\Temp\ccvxHLK6.ltrans0.ltrans.o
                                                  build/obj/vectors.o (symbol from plugin)
                                                  C:\Users\User\AppData\Local\Temp\ccvxHLK6.ltrans1.ltrans.o
VectorF4                                          C:\Users\User\AppData\Local\Temp\ccvxHLK6.ltrans0.ltrans.o
                                                  build/obj/vectors.o (symbol from plugin)
                                                  C:\Users\User\AppData\Local\Temp\ccvxHLK6.ltrans1.ltrans.o
VectorF8                                          C:\Users\User\AppData\Local\Temp\ccvxHLK6.ltrans0.ltrans.o
                                                  build/obj/vectors.o (symbol from plugin)
                                                  C:\Users\User\AppData\Local\Temp\ccvxHLK6.ltrans1.ltrans.o
VectorFC                                          C:\Users\User\AppData\Local\Temp\ccvxHLK6.ltrans0.ltrans.o
                                                  build/obj/stm32_dma.o (symbol from plugin)
                                                  build/obj/vectors.o (symbol from plugin)
                                                  C:\Users\User\AppData\Local\Temp\ccvxHLK6.ltrans1.ltrans.o
__adddf3                                          c:/chibi/chibistudio17v3_windows/chibistudio/tools/gnu tools arm embedded/6.3 2017q1/bin/../lib/gcc/arm-none-eabi/6.3.1/thumb/v7e-m\libgcc.a(_arm_addsubdf3.o)
__aeabi_d2iz                                      c:/chibi/chibistudio17v3_windows/chibistudio/tools/gnu tools arm embedded/6.3 2017q1/bin/../lib/gcc/arm-none-eabi/6.3.1/thumb/v7e-m\libgcc.a(_arm_fixdfsi.o)
                                                  C:\Users\User\AppData\Local\Temp\ccvxHLK6.ltrans1.ltrans.o
__aeabi_dadd                                      c:/chibi/chibistudio17v3_windows/chibistudio/tools/gnu tools arm embedded/6.3 2017q1/bin/../lib/gcc/arm-none-eabi/6.3.1/thumb/v7e-m\libgcc.a(_arm_addsubdf3.o)
__aeabi_ddiv                                      c:/chibi/chibistudio17v3_windows/chibistudio/tools/gnu tools arm embedded/6.3 2017q1/bin/../lib/gcc/arm-none-eabi/6.3.1/thumb/v7e-m\libgcc.a(_arm_muldivdf3.o)
__aeabi_dmul                                      c:/chibi/chibistudio17v3_windows/chibistudio/tools/gnu tools arm embedded/6.3 2017q1/bin/../lib/gcc/arm-none-eabi/6.3.1/thumb/v7e-m\libgcc.a(_arm_muldivdf3.o)
                                                  C:\Users\User\AppData\Local\Temp\ccvxHLK6.ltrans1.ltrans.o
__aeabi_drsub                                     c:/chibi/chibistudio17v3_windows/chibistudio/tools/gnu tools arm embedded/6.3 2017q1/bin/../lib/gcc/arm-none-eabi/6.3.1/thumb/v7e-m\libgcc.a(_arm_addsubdf3.o)
__aeabi_dsub                                      c:/chibi/chibistudio17v3_windows/chibistudio/tools/gnu tools arm embedded/6.3 2017q1/bin/../lib/gcc/arm-none-eabi/6.3.1/thumb/v7e-m\libgcc.a(_arm_addsubdf3.o)
__aeabi_f2d                                       c:/chibi/chibistudio17v3_windows/chibistudio/tools/gnu tools arm embedded/6.3 2017q1/bin/../lib/gcc/arm-none-eabi/6.3.1/thumb/v7e-m\libgcc.a(_arm_addsubdf3.o)
__aeabi_i2d                                       c:/chibi/chibistudio17v3_windows/chibistudio/tools/gnu tools arm embedded/6.3 2017q1/bin/../lib/gcc/arm-none-eabi/6.3.1/thumb/v7e-m\libgcc.a(_arm_addsubdf3.o)
                                                  C:\Users\User\AppData\Local\Temp\ccvxHLK6.ltrans1.ltrans.o
__aeabi_l2d                                       c:/chibi/chibistudio17v3_windows/chibistudio/tools/gnu tools arm embedded/6.3 2017q1/bin/../lib/gcc/arm-none-eabi/6.3.1/thumb/v7e-m\libgcc.a(_arm_addsubdf3.o)
__aeabi_ui2d                                      c:/chibi/chibistudio17v3_windows/chibistudio/tools/gnu tools arm embedded/6.3 2017q1/bin/../lib/gcc/arm-none-eabi/6.3.1/thumb/v7e-m\libgcc.a(_arm_addsubdf3.o)
__aeabi_ul2d                                      c:/chibi/chibistudio17v3_windows/chibistudio/tools/gnu tools arm embedded/6.3 2017q1/bin/../lib/gcc/arm-none-eabi/6.3.1/thumb/v7e-m\libgcc.a(_arm_addsubdf3.o)
__core_init                                       C:\Users\User\AppData\Local\Temp\ccvxHLK6.ltrans0.ltrans.o
                                                  build/obj/crt1.o (symbol from plugin)
                                                  build/obj/crt0_v7m.o
__default_exit                                    C:\Users\User\AppData\Local\Temp\ccvxHLK6.ltrans0.ltrans.o
                                                  build/obj/crt1.o (symbol from plugin)
                                                  build/obj/crt0_v7m.o
__divdf3                                          c:/chibi/chibistudio17v3_windows/chibistudio/tools/gnu tools arm embedded/6.3 2017q1/bin/../lib/gcc/arm-none-eabi/6.3.1/thumb/v7e-m\libgcc.a(_arm_muldivdf3.o)
__early_init                                      C:\Users\User\AppData\Local\Temp\ccvxHLK6.ltrans1.ltrans.o
                                                  build/obj/board.o (symbol from plugin)
                                                  build/obj/crt1.o (symbol from plugin)
                                                  build/obj/crt0_v7m.o
__extendsfdf2                                     c:/chibi/chibistudio17v3_windows/chibistudio/tools/gnu tools arm embedded/6.3 2017q1/bin/../lib/gcc/arm-none-eabi/6.3.1/thumb/v7e-m\libgcc.a(_arm_addsubdf3.o)
__fini_array_end                                  build/obj/crt0_v7m.o
__fini_array_start                                build/obj/crt0_v7m.o
__fixdfsi                                         c:/chibi/chibistudio17v3_windows/chibistudio/tools/gnu tools arm embedded/6.3 2017q1/bin/../lib/gcc/arm-none-eabi/6.3.1/thumb/v7e-m\libgcc.a(_arm_fixdfsi.o)
__floatdidf                                       c:/chibi/chibistudio17v3_windows/chibistudio/tools/gnu tools arm embedded/6.3 2017q1/bin/../lib/gcc/arm-none-eabi/6.3.1/thumb/v7e-m\libgcc.a(_arm_addsubdf3.o)
__floatsidf                                       c:/chibi/chibistudio17v3_windows/chibistudio/tools/gnu tools arm embedded/6.3 2017q1/bin/../lib/gcc/arm-none-eabi/6.3.1/thumb/v7e-m\libgcc.a(_arm_addsubdf3.o)
__floatundidf                                     c:/chibi/chibistudio17v3_windows/chibistudio/tools/gnu tools arm embedded/6.3 2017q1/bin/../lib/gcc/arm-none-eabi/6.3.1/thumb/v7e-m\libgcc.a(_arm_addsubdf3.o)
__floatunsidf                                     c:/chibi/chibistudio17v3_windows/chibistudio/tools/gnu tools arm embedded/6.3 2017q1/bin/../lib/gcc/arm-none-eabi/6.3.1/thumb/v7e-m\libgcc.a(_arm_addsubdf3.o)
__heap_base__                                     C:\Users\User\AppData\Local\Temp\ccvxHLK6.ltrans1.ltrans.o
                                                  build/obj/chmemcore.o (symbol from plugin)
__heap_end__                                      C:\Users\User\AppData\Local\Temp\ccvxHLK6.ltrans1.ltrans.o
                                                  build/obj/chmemcore.o (symbol from plugin)
__init_array_end                                  build/obj/crt0_v7m.o
__init_array_start                                build/obj/crt0_v7m.o
__init_ram_areas                                  C:\Users\User\AppData\Local\Temp\ccvxHLK6.ltrans0.ltrans.o
                                                  build/obj/crt1.o (symbol from plugin)
                                                  build/obj/crt0_v7m.o
__late_init                                       C:\Users\User\AppData\Local\Temp\ccvxHLK6.ltrans0.ltrans.o
                                                  build/obj/crt1.o (symbol from plugin)
                                                  build/obj/crt0_v7m.o
__main_stack_base__                               build/obj/crt0_v7m.o
__main_stack_end__                                C:\Users\User\AppData\Local\Temp\ccvxHLK6.ltrans1.ltrans.o
                                                  build/obj/vectors.o (symbol from plugin)
                                                  build/obj/crt0_v7m.o
__muldf3                                          c:/chibi/chibistudio17v3_windows/chibistudio/tools/gnu tools arm embedded/6.3 2017q1/bin/../lib/gcc/arm-none-eabi/6.3.1/thumb/v7e-m\libgcc.a(_arm_muldivdf3.o)
__process_stack_base__                            build/obj/crt0_v7m.o
__process_stack_end__                             build/obj/crt0_v7m.o
__ram0_clear__                                    C:\Users\User\AppData\Local\Temp\ccvxHLK6.ltrans0.ltrans.o
                                                  build/obj/crt1.o (symbol from plugin)
__ram0_init__                                     C:\Users\User\AppData\Local\Temp\ccvxHLK6.ltrans0.ltrans.o