
Discarded input sections

 .data          0x00000000        0x0 build/obj/crt0_v7m.o
 .bss           0x00000000        0x0 build/obj/crt0_v7m.o
 .data          0x00000000        0x0 build/obj/chcoreasm_v7m.o
 .bss           0x00000000        0x0 build/obj/chcoreasm_v7m.o
 .text          0x00000000        0x0 build/obj/crt1.o (symbol from plugin)
 .text          0x00000000        0x0 C:\Users\User\AppData\Local\Temp\ccQCOiki.ltrans0.ltrans.o
 .data          0x00000000        0x0 C:\Users\User\AppData\Local\Temp\ccQCOiki.ltrans0.ltrans.o
 .bss           0x00000000        0x0 C:\Users\User\AppData\Local\Temp\ccQCOiki.ltrans0.ltrans.o
 .text          0x00000000        0x0 C:\Users\User\AppData\Local\Temp\ccQCOiki.ltrans1.ltrans.o
 .data          0x00000000        0x0 C:\Users\User\AppData\Local\Temp\ccQCOiki.ltrans1.ltrans.o
 .bss           0x00000000        0x0 C:\Users\User\AppData\Local\Temp\ccQCOiki.ltrans1.ltrans.o
 .text          0x00000000        0x0 C:\Users\User\AppData\Local\Temp\ccQCOiki.ltrans2.ltrans.o
 .data          0x00000000        0x0 C:\Users\User\AppData\Local\Temp\ccQCOiki.ltrans2.ltrans.o
 .bss           0x00000000        0x0 C:\Users\User\AppData\Local\Temp\ccQCOiki.ltrans2.ltrans.o
 .text          0x00000000        0x0 build/obj/vectors.o (symbol from plugin)
 .text          0x00000000        0x0 build/obj/chsys.o (symbol from plugin)
 .text          0x00000000        0x0 build/obj/chdebug.o (symbol from plugin)
 .text          0x00000000        0x0 build/obj/chtrace.o (symbol from plugin)
 .text          0x00000000        0x0 build/obj/chvt.o (symbol from plugin)
 .text          0x00000000        0x0 build/obj/chschd.o (symbol from plugin)
 .text          0x00000000        0x0 build/obj/chthreads.o (symbol from plugin)
 .text          0x00000000        0x0 build/obj/chtm.o (symbol from plugin)
 .text          0x00000000        0x0 build/obj/chregistry.o (symbol from plugin)
 .text          0x00000000        0x0 build/obj/chsem.o (symbol from plugin)
 .text          0x00000000        0x0 build/obj/chmtx.o (symbol from plugin)
 .text          0x00000000        0x0 build/obj/chcond.o (symbol from plugin)
 .text          0x00000000        0x0 build/obj/chevents.o (symbol from plugin)
 .text          0x00000000        0x0 build/obj/chmsg.o (symbol from plugin)
 .text          0x00000000        0x0 build/obj/chdynamic.o (symbol from plugin)
 .text          0x00000000        0x0 build/obj/chmboxes.o (symbol from plugin)
 .text          0x00000000        0x0 build/obj/chmemcore.o (symbol from plugin)
 .text          0x00000000        0x0 build/obj/chheap.o (symbol from plugin)
 .text          0x00000000        0x0 build/obj/chmempools.o (symbol from plugin)
 .text          0x00000000        0x0 build/obj/chcore.o (symbol from plugin)
 .text          0x00000000        0x0 build/obj/chcore_v7m.o (symbol from plugin)
 .text          0x00000000        0x0 build/obj/osal.o (symbol from plugin)
 .text          0x00000000        0x0 build/obj/hal.o (symbol from plugin)
 .text          0x00000000        0x0 build/obj/hal_st.o (symbol from plugin)
 .text          0x00000000        0x0 build/obj/hal_buffers.o (symbol from plugin)
 .text          0x00000000        0x0 build/obj/hal_queues.o (symbol from plugin)
 .text          0x00000000        0x0 build/obj/hal_mmcsd.o (symbol from plugin)
 .text          0x00000000        0x0 build/obj/hal_pal.o (symbol from plugin)
 .text          0x00000000        0x0 build/obj/hal_pwm.o (symbol from plugin)
 .text          0x00000000        0x0 build/obj/hal_serial.o (symbol from plugin)
 .text          0x00000000        0x0 build/obj/nvic.o (symbol from plugin)
 .text          0x00000000        0x0 build/obj/hal_lld.o (symbol from plugin)
 .text          0x00000000        0x0 build/obj/stm32_dma.o (symbol from plugin)
 .text          0x00000000        0x0 build/obj/hal_pal_lld.o (symbol from plugin)
 .text          0x00000000        0x0 build/obj/hal_st_lld.o (symbol from plugin)
 .text          0x00000000        0x0 build/obj/hal_pwm_lld.o (symbol from plugin)
 .text          0x00000000        0x0 build/obj/hal_serial_lld.o (symbol from plugin)
 .text          0x00000000        0x0 build/obj/board.o (symbol from plugin)
 .text          0x00000000        0x0 build/obj/chprintf.o (symbol from plugin)
 .text          0x00000000        0x0 build/obj/memstreams.o (symbol from plugin)
 .text          0x00000000        0x0 build/obj/nullstreams.o (symbol from plugin)
 .text          0x00000000        0x0 build/obj/main.o (symbol from plugin)

Memory Configuration

Name             Origin             Length             Attributes
flash0           0x08000000         0x00200000
flash1           0x00200000         0x00200000
flash2           0x00000000         0x00000000
flash3           0x00000000         0x00000000
flash4           0x00000000         0x00000000
flash5           0x00000000         0x00000000
flash6           0x00000000         0x00000000
flash7           0x00000000         0x00000000
ram0             0x20020000         0x00060000
ram1             0x20020000         0x0005c000
ram2             0x2007c000         0x00004000
ram3             0x20000000         0x00020000
ram4             0x00000000         0x00004000
ram5             0x40024000         0x00001000
ram6             0x00000000         0x00000000
ram7             0x00000000         0x00000000
*default*        0x00000000         0xffffffff

Linker script and memory map

LOAD build/obj/crt0_v7m.o
LOAD build/obj/chcoreasm_v7m.o
LOAD build/obj/crt1.o
LOAD C:\Users\User\AppData\Local\Temp\ccQCOiki.ltrans0.ltrans.o
LOAD C:\Users\User\AppData\Local\Temp\ccQCOiki.ltrans1.ltrans.o
LOAD C:\Users\User\AppData\Local\Temp\ccQCOiki.ltrans2.ltrans.o
LOAD build/obj/vectors.o
LOAD build/obj/chsys.o
LOAD build/obj/chdebug.o
LOAD build/obj/chtrace.o
LOAD build/obj/chvt.o
LOAD build/obj/chschd.o
LOAD build/obj/chthreads.o
LOAD build/obj/chtm.o
LOAD build/obj/chregistry.o
LOAD build/obj/chsem.o
LOAD build/obj/chmtx.o
LOAD build/obj/chcond.o
LOAD build/obj/chevents.o
LOAD build/obj/chmsg.o
LOAD build/obj/chdynamic.o
LOAD build/obj/chmboxes.o
LOAD build/obj/chmemcore.o
LOAD build/obj/chheap.o
LOAD build/obj/chmempools.o
LOAD build/obj/chcore.o
LOAD build/obj/chcore_v7m.o
LOAD build/obj/osal.o
LOAD build/obj/hal.o
LOAD build/obj/hal_st.o
LOAD build/obj/hal_buffers.o
LOAD build/obj/hal_queues.o
LOAD build/obj/hal_mmcsd.o
LOAD build/obj/hal_pal.o
LOAD build/obj/hal_pwm.o
LOAD build/obj/hal_serial.o
LOAD build/obj/nvic.o
LOAD build/obj/hal_lld.o
LOAD build/obj/stm32_dma.o
LOAD build/obj/hal_pal_lld.o
LOAD build/obj/hal_st_lld.o
LOAD build/obj/hal_pwm_lld.o
LOAD build/obj/hal_serial_lld.o
LOAD build/obj/board.o
LOAD build/obj/chprintf.o
LOAD build/obj/memstreams.o
LOAD build/obj/nullstreams.o
LOAD build/obj/main.o

.mstack         0x20000000      0x400
                0x20000000                . = ALIGN (0x8)
                0x20000000                __main_stack_base__ = .
                0x20000400                . = (. + __main_stack_size__)
 *fill*         0x20000000      0x400 
                0x20000400                . = ALIGN (0x8)
                0x20000400                __main_stack_end__ = .

.pstack         0x20000400      0x400
                0x20000400                __process_stack_base__ = .
                0x20000400                __main_thread_stack_base__ = .
                0x20000800                . = (. + __process_stack_size__)
 *fill*         0x20000400      0x400 
                0x20000800                . = ALIGN (0x8)
                0x20000800                __process_stack_end__ = .
                0x20000800                __main_thread_stack_end__ = .

.nocache        0x20000800        0x0
                0x20000800                __nocache_base__ = .
 *(.nocache)
 *(.nocache.*)
 *(.bss.__nocache_*)
                0x20000800                . = ALIGN (0x4)
                0x20000800                __nocache_end__ = .

.eth            0x20000800        0x0
                0x20000800                __eth_base__ = .
 *(.eth)
 *(.eth.*)
 *(.bss.__eth_*)
                0x20000800                . = ALIGN (0x4)
                0x20000800                __eth_end__ = .

.vectors        0x00200000      0x200 load address 0x08000000
 *(.vectors)
 .vectors       0x00200000      0x200 C:\Users\User\AppData\Local\Temp\ccQCOiki.ltrans0.ltrans.o
                0x00200000                _vectors

.xtors          0x00200200        0x0 load address 0x08000200
                0x00200200                __init_array_start = .
 *(SORT(.init_array.*))
 *(.init_array)
                0x00200200                __init_array_end = .
                0x00200200                __fini_array_start = .
 *(.fini_array)
 *(SORT(.fini_array.*))
                0x00200200                __fini_array_end = .

.text           0x00200200     0x1aa0 load address 0x08000200
 *(.text)
 .text          0x00200200       0xd4 build/obj/crt0_v7m.o
                0x00200200                Reset_Handler
 .text          0x002002d4       0x28 build/obj/chcoreasm_v7m.o
                0x002002d4                _port_switch
                0x002002e4                _port_thread_start
                0x002002f4                _port_switch_from_isr
                0x002002f8                _port_exit_from_isr
 *(.text.*)
 *fill*         0x002002fc        0x4 
 .text.notify7  0x00200300       0x10 C:\Users\User\AppData\Local\Temp\ccQCOiki.ltrans0.ltrans.o
 .text.notify8  0x00200310       0x10 C:\Users\User\AppData\Local\Temp\ccQCOiki.ltrans0.ltrans.o
 .text.serve_interrupt
                0x00200320      0x190 C:\Users\User\AppData\Local\Temp\ccQCOiki.ltrans0.ltrans.o
 .text.Vector18C
                0x002004b0       0x14 C:\Users\User\AppData\Local\Temp\ccQCOiki.ltrans0.ltrans.o
 *fill*         0x002004c4        0xc 
 .text.Vector188
                0x002004d0       0x14 C:\Users\User\AppData\Local\Temp\ccQCOiki.ltrans0.ltrans.o
 *fill*         0x002004e4        0xc 
 .text.startup.main
                0x002004f0      0x75c C:\Users\User\AppData\Local\Temp\ccQCOiki.ltrans0.ltrans.o
                0x002004f0                main
 *fill*         0x00200c4c        0x4 
 .text.__early_init
                0x00200c50       0xe8 C:\Users\User\AppData\Local\Temp\ccQCOiki.ltrans0.ltrans.o
                0x00200c50                __early_init
 *fill*         0x00200d38        0x8 
 .text.pwm_lld_serve_interrupt
                0x00200d40       0x60 C:\Users\User\AppData\Local\Temp\ccQCOiki.ltrans0.ltrans.o
                0x00200d40                pwm_lld_serve_interrupt
 .text.SVC_Handler
                0x00200da0       0x1c C:\Users\User\AppData\Local\Temp\ccQCOiki.ltrans1.ltrans.o
                0x00200da0                SVC_Handler
 *fill*         0x00200dbc        0x4 
 .text.chCoreAllocAligned
                0x00200dc0       0x48 C:\Users\User\AppData\Local\Temp\ccQCOiki.ltrans1.ltrans.o
                0x00200dc0                chCoreAllocAligned
 *fill*         0x00200e08        0x8 
 .text.wakeup   0x00200e10       0x70 C:\Users\User\AppData\Local\Temp\ccQCOiki.ltrans1.ltrans.o
 .text._idle_thread.lto_priv.27
                0x00200e80        0x4 C:\Users\User\AppData\Local\Temp\ccQCOiki.ltrans1.ltrans.o
                0x00200e80                _idle_thread.lto_priv.27
 *fill*         0x00200e84        0xc 
 .text.chSchGoSleepS
                0x00200e90       0x28 C:\Users\User\AppData\Local\Temp\ccQCOiki.ltrans1.ltrans.o
 *fill*         0x00200eb8        0x8 
 .text.pwm_lld_start
                0x00200ec0      0x19c C:\Users\User\AppData\Local\Temp\ccQCOiki.ltrans1.ltrans.o
                0x00200ec0                pwm_lld_start
 *fill*         0x0020105c        0x4 
 .text._pal_lld_setgroupmode
                0x00201060       0xec C:\Users\User\AppData\Local\Temp\ccQCOiki.ltrans1.ltrans.o
                0x00201060                _pal_lld_setgroupmode
 *fill*         0x0020114c        0x4 
 .text._port_irq_epilogue
                0x00201150       0x5c C:\Users\User\AppData\Local\Temp\ccQCOiki.ltrans1.ltrans.o
                0x00201150                _port_irq_epilogue
 *fill*         0x002011ac        0x4 
 .text.VectorB8
                0x002011b0       0x14 C:\Users\User\AppData\Local\Temp\ccQCOiki.ltrans1.ltrans.o
                0x002011b0                VectorB8
 *fill*         0x002011c4        0xc 
 .text.VectorB4
                0x002011d0       0x14 C:\Users\User\AppData\Local\Temp\ccQCOiki.ltrans1.ltrans.o
                0x002011d0                VectorB4
 *fill*         0x002011e4        0xc 
 .text.VectorA4
                0x002011f0       0x14 C:\Users\User\AppData\Local\Temp\ccQCOiki.ltrans1.ltrans.o
                0x002011f0                VectorA4
 *fill*         0x00201204        0xc 
 .text.VectorAC
                0x00201210        0x4 C:\Users\User\AppData\Local\Temp\ccQCOiki.ltrans1.ltrans.o
                0x00201210                VectorAC
 *fill*         0x00201214        0xc 
 .text.SysTick_Handler
                0x00201220       0x58 C:\Users\User\AppData\Local\Temp\ccQCOiki.ltrans1.ltrans.o
                0x00201220                SysTick_Handler
 *fill*         0x00201278        0x8 
 .text.chTMStopMeasurementX
                0x00201280       0x44 C:\Users\User\AppData\Local\Temp\ccQCOiki.ltrans1.ltrans.o
                0x00201280                chTMStopMeasurementX
 *fill*         0x002012c4        0xc 
 .text.chSchDoReschedule
                0x002012d0       0x40 C:\Users\User\AppData\Local\Temp\ccQCOiki.ltrans1.ltrans.o
                0x002012d0                chSchDoReschedule
 .text.chSchGoSleepTimeoutS
                0x00201310       0x88 C:\Users\User\AppData\Local\Temp\ccQCOiki.ltrans1.ltrans.o
                0x00201310                chSchGoSleepTimeoutS
 *fill*         0x00201398        0x8 
 .text.chThdEnqueueTimeoutS
                0x002013a0       0x28 C:\Users\User\AppData\Local\Temp\ccQCOiki.ltrans1.ltrans.o
 *fill*         0x002013c8        0x8 
 .text.oqWriteTimeout
                0x002013d0       0xb8 C:\Users\User\AppData\Local\Temp\ccQCOiki.ltrans1.ltrans.o
 *fill*         0x00201488        0x8 
 .text._writet.lto_priv.25
                0x00201490        0x8 C:\Users\User\AppData\Local\Temp\ccQCOiki.ltrans1.ltrans.o
                0x00201490                _writet.lto_priv.25
 *fill*         0x00201498        0x8 
 .text._write.lto_priv.19
                0x002014a0        0xc C:\Users\User\AppData\Local\Temp\ccQCOiki.ltrans1.ltrans.o
                0x002014a0                _write.lto_priv.19
 *fill*         0x002014ac        0x4 
 .text.oqPutTimeout
                0x002014b0       0x54 C:\Users\User\AppData\Local\Temp\ccQCOiki.ltrans1.ltrans.o
 *fill*         0x00201504        0xc 
 .text._putt.lto_priv.23
                0x00201510        0x8 C:\Users\User\AppData\Local\Temp\ccQCOiki.ltrans1.ltrans.o
                0x00201510                _putt.lto_priv.23
 *fill*         0x00201518        0x8 
 .text._put.lto_priv.21
                0x00201520        0xc C:\Users\User\AppData\Local\Temp\ccQCOiki.ltrans1.ltrans.o
                0x00201520                _put.lto_priv.21
 *fill*         0x0020152c        0x4 
 .text.iqReadTimeout
                0x00201530       0xb8 C:\Users\User\AppData\Local\Temp\ccQCOiki.ltrans1.ltrans.o
 *fill*         0x002015e8        0x8 
 .text._readt.lto_priv.26
                0x002015f0        0x8 C:\Users\User\AppData\Local\Temp\ccQCOiki.ltrans1.ltrans.o
                0x002015f0                _readt.lto_priv.26
 *fill*         0x002015f8        0x8 
 .text._read.lto_priv.20
                0x00201600        0xc C:\Users\User\AppData\Local\Temp\ccQCOiki.ltrans1.ltrans.o
                0x00201600                _read.lto_priv.20
 *fill*         0x0020160c        0x4 
 .text.iqGetTimeout
                0x00201610       0x50 C:\Users\User\AppData\Local\Temp\ccQCOiki.ltrans1.ltrans.o
 .text._gett.lto_priv.24
                0x00201660        0x8 C:\Users\User\AppData\Local\Temp\ccQCOiki.ltrans1.ltrans.o
                0x00201660                _gett.lto_priv.24
 *fill*         0x00201668        0x8 
 .text._get.lto_priv.22
                0x00201670        0xc C:\Users\User\AppData\Local\Temp\ccQCOiki.ltrans1.ltrans.o
                0x00201670                _get.lto_priv.22
 *fill*         0x0020167c        0x4 
 .text.chSchReadyI
                0x00201680       0x2c C:\Users\User\AppData\Local\Temp\ccQCOiki.ltrans1.ltrans.o
                0x00201680                chSchReadyI
 *fill*         0x002016ac        0x4 
 .text.chEvtBroadcastFlagsI
                0x002016b0       0x60 C:\Users\User\AppData\Local\Temp\ccQCOiki.ltrans1.ltrans.o
                0x002016b0                chEvtBroadcastFlagsI
 .text.chThdExit
                0x00201710       0x50 C:\Users\User\AppData\Local\Temp\ccQCOiki.ltrans1.ltrans.o
                0x00201710                chThdExit
 .text._unhandled_exception
                0x00201760        0x4 C:\Users\User\AppData\Local\Temp\ccQCOiki.ltrans1.ltrans.o
                0x00201760                Vector58
                0x00201760                VectorE8
                0x00201760                Vector9C
                0x00201760                DebugMon_Handler
                0x00201760                Vector1A0
                0x00201760                Vector5C
                0x00201760                Vector11C
                0x00201760                HardFault_Handler
                0x00201760                Vector1B8
                0x00201760                Vector1F0
                0x00201760                Vector19C
                0x00201760                Vector1EC
                0x00201760                Vector8C
                0x00201760                VectorDC
                0x00201760                PendSV_Handler
                0x00201760                Vector168
                0x00201760                NMI_Handler
                0x00201760                Vector110
                0x00201760                Vector120
                0x00201760                Vector1D8
                0x00201760                Vector1F4
                0x00201760                VectorC8
                0x00201760                Vector94
                0x00201760                VectorA8
                0x00201760                Vector1FC
                0x00201760                Vector74
                0x00201760                Vector160
                0x00201760                Vector1B0
                0x00201760                UsageFault_Handler
                0x00201760                VectorEC
                0x00201760                Vector40
                0x00201760                VectorF8
                0x00201760                Vector108
                0x00201760                VectorBC
                0x00201760                Vector190
                0x00201760                Vector1E0
                0x00201760                Vector150
                0x00201760                Vector1F8
                0x00201760                Vector124
                0x00201760                Vector1C4
                0x00201760                Vector1CC
                0x00201760                Vector1E4
                0x00201760                Vector148
                0x00201760                Vector198
                0x00201760                Vector118
                0x00201760                Vector64
                0x00201760                VectorCC
                0x00201760                Vector54
                0x00201760                Vector98
                0x00201760                VectorD8
                0x00201760                Vector138
                0x00201760                Vector24
                0x00201760                Vector1AC
                0x00201760                Vector178
                0x00201760                Vector84
                0x00201760                Vector1A4
                0x00201760                VectorD0
                0x00201760                Vector1B4
                0x00201760                Vector140
                0x00201760                VectorE4
                0x00201760                VectorC0
                0x00201760                Vector158
                0x00201760                Vector130
                0x00201760                Vector1C0
                0x00201760                Vector134
                0x00201760                Vector1D0
                0x00201760                VectorF0
                0x00201760                Vector12C
                0x00201760                Vector13C
                0x00201760                Vector100
                0x00201760                VectorE0
                0x00201760                VectorF4
                0x00201760                MemManage_Handler
                0x00201760                Vector6C
                0x00201760                VectorA0
                0x00201760                VectorC4
                0x00201760                Vector7C
                0x00201760                Vector180
                0x00201760                VectorB0
                0x00201760                Vector90
                0x00201760                Vector114
                0x00201760                Vector164
                0x00201760                Vector60
                0x00201760                Vector1C
                0x00201760                Vector1BC
                0x00201760                Vector1D4
                0x00201760                Vector17C
                0x00201760                Vector48
                0x00201760                Vector1A8
                0x00201760                Vector16C
                0x00201760                Vector70
                0x00201760                VectorD4
                0x00201760                Vector4C
                0x00201760                Vector144
                0x00201760                Vector80
                0x00201760                Vector15C
                0x00201760                Vector68
                0x00201760                Vector78
                0x00201760                Vector1E8
                0x00201760                _unhandled_exception
                0x00201760                Vector170
                0x00201760                Vector88
                0x00201760                Vector104
                0x00201760                Vector184
                0x00201760                Vector10C
                0x00201760                Vector14C
                0x00201760                BusFault_Handler
                0x00201760                Vector50
                0x00201760                Vector1C8
                0x00201760                Vector194
                0x00201760                Vector1DC
                0x00201760                Vector154
                0x00201760                Vector44
                0x00201760                Vector28
                0x00201760                VectorFC
                0x00201760                Vector34
                0x00201760                Vector128
                0x00201760                Vector20
                0x00201760                Vector174
 *fill*         0x00201764        0xc 
 .text.__init_ram_areas
                0x00201770       0x60 C:\Users\User\AppData\Local\Temp\ccQCOiki.ltrans1.ltrans.o
                0x00201770                __init_ram_areas
 .text.__default_exit
                0x002017d0        0x4 C:\Users\User\AppData\Local\Temp\ccQCOiki.ltrans1.ltrans.o
                0x002017d0                __default_exit
 *fill*         0x002017d4        0xc 
 .text.__late_init
                0x002017e0        0x4 C:\Users\User\AppData\Local\Temp\ccQCOiki.ltrans1.ltrans.o
                0x002017e0                __late_init
 *fill*         0x002017e4        0xc 
 .text.__core_init
                0x002017f0       0x7c C:\Users\User\AppData\Local\Temp\ccQCOiki.ltrans1.ltrans.o
                0x002017f0                __core_init
 *fill*         0x0020186c        0x4 
 .text.chTMStartMeasurementX.constprop.13
                0x00201870        0xc C:\Users\User\AppData\Local\Temp\ccQCOiki.ltrans2.ltrans.o
                0x00201870                chTMStartMeasurementX.constprop.13
 *fill*         0x0020187c        0x4 
 .text.chprintf.constprop.0
                0x00201880      0x420 C:\Users\User\AppData\Local\Temp\ccQCOiki.ltrans2.ltrans.o
                0x00201880                chprintf.constprop.0
 *(.glue_7t)
 .glue_7t       0x00201ca0        0x0 linker stubs
 *(.glue_7)
 .glue_7        0x00201ca0        0x0 linker stubs
 *(.gcc*)

.vfp11_veneer   0x00201ca0        0x0 load address 0x08001ca0
 .vfp11_veneer  0x00201ca0        0x0 linker stubs

.v4_bx          0x00201ca0        0x0 load address 0x08001ca0
 .v4_bx         0x00201ca0        0x0 linker stubs

.iplt           0x00201ca0        0x0 load address 0x08001ca0
 .iplt          0x00201ca0        0x0 build/obj/crt0_v7m.o

.rodata         0x08001ca0       0xd8
                0x08001ca0                . = ALIGN (0x4)
                0x08001ca0                __rodata_base__ = .
 *(.rodata)
 *(.rodata.*)
 .rodata.ch_debug
                0x08001ca0       0x16 C:\Users\User\AppData\Local\Temp\ccQCOiki.ltrans0.ltrans.o
 *fill*         0x08001cb6        0x2 
 .rodata.main.str1.4
                0x08001cb8       0x18 C:\Users\User\AppData\Local\Temp\ccQCOiki.ltrans0.ltrans.o
 .rodata.vmt    0x08001cd0       0x20 C:\Users\User\AppData\Local\Temp\ccQCOiki.ltrans0.ltrans.o
 .rodata.ram_areas
                0x08001cf0       0x80 C:\Users\User\AppData\Local\Temp\ccQCOiki.ltrans1.ltrans.o
 .rodata.chprintf.constprop.0.str1.4
                0x08001d70        0x8 C:\Users\User\AppData\Local\Temp\ccQCOiki.ltrans2.ltrans.o
                                 0x17 (size before relaxing)
                0x08001d78                . = ALIGN (0x4)
                0x08001d78                __rodata_end__ = .

.rel.dyn        0x08001d78        0x0
 .rel.iplt      0x08001d78        0x0 build/obj/crt0_v7m.o

.ARM.extab
 *(.ARM.extab* .gnu.linkonce.armextab.*)

.ARM.exidx      0x00201ca0        0x0 load address 0x08001d78
                0x00201ca0                __exidx_start = .
 *(.ARM.exidx* .gnu.linkonce.armexidx.*)
                0x00201ca0                __exidx_end = .

.eh_frame_hdr
 *(.eh_frame_hdr)

.eh_frame
 *(.eh_frame)
                0x20020000                __ram0_start__ = ORIGIN (ram0)
                0x00060000                __ram0_size__ = LENGTH (ram0)
                0x20080000                __ram0_end__ = (__ram0_start__ + __ram0_size__)
                0x20020000                __ram1_start__ = ORIGIN (ram1)
                0x0005c000                __ram1_size__ = LENGTH (ram1)
                0x2007c000                __ram1_end__ = (__ram1_start__ + __ram1_size__)
                0x2007c000                __ram2_start__ = ORIGIN (ram2)
                0x00004000                __ram2_size__ = LENGTH (ram2)
                0x20080000                __ram2_end__ = (__ram2_start__ + __ram2_size__)
                0x20000000                __ram3_start__ = ORIGIN (ram3)
                0x00020000                __ram3_size__ = LENGTH (ram3)
                0x20020000                __ram3_end__ = (__ram3_start__ + __ram3_size__)
                0x00000000                __ram4_start__ = ORIGIN (ram4)
                0x00004000                __ram4_size__ = LENGTH (ram4)
                0x00004000                __ram4_end__ = (__ram4_start__ + __ram4_size__)
                0x40024000                __ram5_start__ = ORIGIN (ram5)
                0x00001000                __ram5_size__ = LENGTH (ram5)
                0x40025000                __ram5_end__ = (__ram5_start__ + __ram5_size__)
                0x00000000                __ram6_start__ = ORIGIN (ram6)
                0x00000000                __ram6_size__ = LENGTH (ram6)
                0x00000000                __ram6_end__ = (__ram6_start__ + __ram6_size__)
                0x00000000                __ram7_start__ = ORIGIN (ram7)
                0x00000000                __ram7_size__ = LENGTH (ram7)
                0x00000000                __ram7_end__ = (__ram7_start__ + __ram7_size__)

.data           0x20020000       0x44 load address 0x08001d78
                0x20020000                . = ALIGN (0x4)
                [!provide]                PROVIDE (_textdata, LOADADDR (.data))
                [!provide]                PROVIDE (_data, .)
                0x08001d78                _textdata_start = LOADADDR (.data)
                0x20020000                _data_start = .
 *(.data)
 *(.data.*)
 .data.pwmLEDconf
                0x20020000       0x44 C:\Users\User\AppData\Local\Temp\ccQCOiki.ltrans0.ltrans.o
 *(.ramtext)
                0x20020044                . = ALIGN (0x4)
                [!provide]                PROVIDE (_edata, .)
                0x20020044                _data_end = .

.igot.plt       0x20020044        0x0 load address 0x08001dbc
 .igot.plt      0x20020044        0x0 build/obj/crt0_v7m.o

.bss            0x20000800      0x2c8
                0x20000800                . = ALIGN (0x4)
                0x20000800                _bss_start = .
 *(.bss)
 *(.bss.*)
 .bss.PWMD1     0x20000800       0x1c C:\Users\User\AppData\Local\Temp\ccQCOiki.ltrans0.ltrans.o
                0x20000800                PWMD1
 .bss.PWMD3     0x2000081c       0x1c C:\Users\User\AppData\Local\Temp\ccQCOiki.ltrans0.ltrans.o
                0x2000081c                PWMD3
 .bss.PWMD4     0x20000838       0x1c C:\Users\User\AppData\Local\Temp\ccQCOiki.ltrans0.ltrans.o
                0x20000838                PWMD4
 .bss.SD8       0x20000854       0x60 C:\Users\User\AppData\Local\Temp\ccQCOiki.ltrans0.ltrans.o
 .bss.ch        0x200008b4       0x74 C:\Users\User\AppData\Local\Temp\ccQCOiki.ltrans0.ltrans.o
                0x200008b4                ch
 .bss.ch_idle_thread_wa
                0x20000928       0xd8 C:\Users\User\AppData\Local\Temp\ccQCOiki.ltrans0.ltrans.o
 .bss.default_heap
                0x20000a00       0x20 C:\Users\User\AppData\Local\Temp\ccQCOiki.ltrans0.ltrans.o
 .bss.endmem.lto_priv.29
                0x20000a20        0x4 C:\Users\User\AppData\Local\Temp\ccQCOiki.ltrans0.ltrans.o
                0x20000a20                endmem.lto_priv.29
 .bss.nextmem.lto_priv.28
                0x20000a24        0x4 C:\Users\User\AppData\Local\Temp\ccQCOiki.ltrans0.ltrans.o
                0x20000a24                nextmem.lto_priv.28
 .bss.sd_in_buf7
                0x20000a28       0x10 C:\Users\User\AppData\Local\Temp\ccQCOiki.ltrans0.ltrans.o
 .bss.sd_in_buf8
                0x20000a38       0x10 C:\Users\User\AppData\Local\Temp\ccQCOiki.ltrans0.ltrans.o
 .bss.sd_out_buf7
                0x20000a48       0x10 C:\Users\User\AppData\Local\Temp\ccQCOiki.ltrans0.ltrans.o
 .bss.sd_out_buf8
                0x20000a58       0x10 C:\Users\User\AppData\Local\Temp\ccQCOiki.ltrans0.ltrans.o
 .bss.SD7       0x20000a68       0x60 C:\Users\User\AppData\Local\Temp\ccQCOiki.ltrans2.ltrans.o
                0x20000a68                SD7
 *(COMMON)
                0x20000ac8                . = ALIGN (0x4)
                0x20000ac8                _bss_end = .
                [!provide]                PROVIDE (end, .)

.ram0_init      0x20020044        0x0 load address 0x08001dbc
                0x20020044                . = ALIGN (0x4)
                0x08001dbc                __ram0_init_text__ = LOADADDR (.ram0_init)
                0x20020044                __ram0_init__ = .
 *(.ram0_init)
 *(.ram0_init.*)
                0x20020044                . = ALIGN (0x4)

.ram0           0x20020044        0x0 load address 0x08001dbc
                0x20020044                . = ALIGN (0x4)
                0x20020044                __ram0_clear__ = .
 *(.ram0_clear)
 *(.ram0_clear.*)
                0x20020044                . = ALIGN (0x4)
                0x20020044                __ram0_noinit__ = .
 *(.ram0)
 *(.ram0.*)
                0x20020044                . = ALIGN (0x4)
                0x20020044                __ram0_free__ = .

.ram1_init      0x20020000        0x0 load address 0x08001dbc
                0x20020000                . = ALIGN (0x4)
                0x08001dbc                __ram1_init_text__ = LOADADDR (.ram1_init)
                0x20020000                __ram1_init__ = .
 *(.ram1_init)
 *(.ram1_init.*)
                0x20020000                . = ALIGN (0x4)

.ram1           0x20020000        0x0 load address 0x08001dbc
                0x20020000                . = ALIGN (0x4)
                0x20020000                __ram1_clear__ = .
 *(.ram1_clear)
 *(.ram1_clear.*)
                0x20020000                . = ALIGN (0x4)
                0x20020000                __ram1_noinit__ = .
 *(.ram1)
 *(.ram1.*)
                0x20020000                . = ALIGN (0x4)
                0x20020000                __ram1_free__ = .

.ram2_init      0x2007c000        0x0 load address 0x08001dbc
                0x2007c000                . = ALIGN (0x4)
                0x08001dbc                __ram2_init_text__ = LOADADDR (.ram2_init)
                0x2007c000                __ram2_init__ = .
 *(.ram2_init)
 *(.ram2_init.*)
                0x2007c000                . = ALIGN (0x4)

.ram2           0x2007c000        0x0 load address 0x08001dbc
                0x2007c000                . = ALIGN (0x4)
                0x2007c000                __ram2_clear__ = .
 *(.ram2_clear)
 *(.ram2_clear.*)
                0x2007c000                . = ALIGN (0x4)
                0x2007c000                __ram2_noinit__ = .
 *(.ram2)
 *(.ram2.*)
                0x2007c000                . = ALIGN (0x4)
                0x2007c000                __ram2_free__ = .

.ram3_init      0x20000ac8        0x0 load address 0x08001dbc
                0x20000ac8                . = ALIGN (0x4)
                0x08001dbc                __ram3_init_text__ = LOADADDR (.ram3_init)
                0x20000ac8                __ram3_init__ = .
 *(.ram3_init)
 *(.ram3_init.*)
                0x20000ac8                . = ALIGN (0x4)

.ram3           0x20000ac8        0x0 load address 0x08001dbc
                0x20000ac8                . = ALIGN (0x4)
                0x20000ac8                __ram3_clear__ = .
 *(.ram3_clear)
 *(.ram3_clear.*)
                0x20000ac8                . = ALIGN (0x4)
                0x20000ac8                __ram3_noinit__ = .
 *(.ram3)
 *(.ram3.*)
                0x20000ac8                . = ALIGN (0x4)
                0x20000ac8                __ram3_free__ = .

.ram4_init      0x00000000        0x0 load address 0x08001dbc
                0x00000000                . = ALIGN (0x4)
                0x08001dbc                __ram4_init_text__ = LOADADDR (.ram4_init)
                0x00000000                __ram4_init__ = .
 *(.ram4_init)
 *(.ram4_init.*)
                0x00000000                . = ALIGN (0x4)

.ram4           0x00000000        0x0 load address 0x08001dbc
                0x00000000                . = ALIGN (0x4)
                0x00000000                __ram4_clear__ = .
 *(.ram4_clear)
 *(.ram4_clear.*)
                0x00000000                . = ALIGN (0x4)
                0x00000000                __ram4_noinit__ = .
 *(.ram4)
 *(.ram4.*)
                0x00000000                . = ALIGN (0x4)
                0x00000000                __ram4_free__ = .

.ram5_init      0x40024000        0x0 load address 0x08001dbc
                0x40024000                . = ALIGN (0x4)
                0x08001dbc                __ram5_init_text__ = LOADADDR (.ram5_init)
                0x40024000                __ram5_init__ = .
 *(.ram5_init)
 *(.ram5_init.*)
                0x40024000                . = ALIGN (0x4)

.ram5           0x40024000        0x0 load address 0x08001dbc
                0x40024000                . = ALIGN (0x4)
                0x40024000                __ram5_clear__ = .
 *(.ram5_clear)
 *(.ram5_clear.*)
                0x40024000                . = ALIGN (0x4)
                0x40024000                __ram5_noinit__ = .
 *(.ram5)
 *(.ram5.*)
                0x40024000                . = ALIGN (0x4)
                0x40024000                __ram5_free__ = .

.ram6_init      0x00000000        0x0 load address 0x08001dbc
                0x00000000                . = ALIGN (0x4)
                0x08001dbc                __ram6_init_text__ = LOADADDR (.ram6_init)
                0x00000000                __ram6_init__ = .
 *(.ram6_init)
 *(.ram6_init.*)
                0x00000000                . = ALIGN (0x4)

.ram6           0x00000000        0x0 load address 0x08001dbc
                0x00000000                . = ALIGN (0x4)
                0x00000000                __ram6_clear__ = .
 *(.ram6_clear)
 *(.ram6_clear.*)
                0x00000000                . = ALIGN (0x4)
                0x00000000                __ram6_noinit__ = .
 *(.ram6)
 *(.ram6.*)
                0x00000000                . = ALIGN (0x4)
                0x00000000                __ram6_free__ = .

.ram7_init      0x00000000        0x0 load address 0x08001dbc
                0x00000000                . = ALIGN (0x4)
                0x08001dbc                __ram7_init_text__ = LOADADDR (.ram7_init)
                0x00000000                __ram7_init__ = .
 *(.ram7_init)
 *(.ram7_init.*)
                0x00000000                . = ALIGN (0x4)

.ram7           0x00000000        0x0 load address 0x08001dbc
                0x00000000                . = ALIGN (0x4)
                0x00000000                __ram7_clear__ = .
 *(.ram7_clear)
 *(.ram7_clear.*)
                0x00000000                . = ALIGN (0x4)
                0x00000000                __ram7_noinit__ = .
 *(.ram7)
 *(.ram7.*)
                0x00000000                . = ALIGN (0x4)
                0x00000000                __ram7_free__ = .

.heap           0x20020044    0x5ffbc
                0x20020048                . = ALIGN (0x8)
 *fill*         0x20020044        0x4 
                0x20020048                __heap_base__ = .
                0x20080000                . = (ORIGIN (HEAP_RAM) + LENGTH (HEAP_RAM))
 *fill*         0x20020048    0x5ffb8 
                0x20080000                __heap_end__ = .
                0x00000400                __process_stack_size__ = 0x400
                0x00000400                __main_stack_size__ = 0x400
START GROUP
LOAD c:/chibi/chibistudio17v3_windows/chibistudio/tools/gnu tools arm embedded/6.3 2017q1/bin/../lib/gcc/arm-none-eabi/6.3.1/thumb/v7e-m\libgcc.a
LOAD c:/chibi/chibistudio17v3_windows/chibistudio/tools/gnu tools arm embedded/6.3 2017q1/bin/../lib/gcc/arm-none-eabi/6.3.1/../../../../arm-none-eabi/lib/thumb/v7e-m\libg.a
LOAD c:/chibi/chibistudio17v3_windows/chibistudio/tools/gnu tools arm embedded/6.3 2017q1/bin/../lib/gcc/arm-none-eabi/6.3.1/../../../../arm-none-eabi/lib/thumb/v7e-m\libc.a
END GROUP
OUTPUT(build/ch.elf elf32-littlearm)

.ARM.attributes
                0x00000000       0x2d
 .ARM.attributes
                0x00000000       0x21 build/obj/crt0_v7m.o
 .ARM.attributes
                0x00000021       0x21 build/obj/chcoreasm_v7m.o
 .ARM.attributes
                0x00000042       0x31 C:\Users\User\AppData\Local\Temp\ccQCOiki.ltrans0.ltrans.o
 .ARM.attributes
                0x00000073       0x31 C:\Users\User\AppData\Local\Temp\ccQCOiki.ltrans1.ltrans.o
 .ARM.attributes
                0x000000a4       0x31 C:\Users\User\AppData\Local\Temp\ccQCOiki.ltrans2.ltrans.o

.comment        0x00000000       0x7f
 .comment       0x00000000       0x7f C:\Users\User\AppData\Local\Temp\ccQCOiki.ltrans0.ltrans.o
                                 0x80 (size before relaxing)
 .comment       0x0000007f       0x80 C:\Users\User\AppData\Local\Temp\ccQCOiki.ltrans1.ltrans.o
 .comment       0x0000007f       0x80 C:\Users\User\AppData\Local\Temp\ccQCOiki.ltrans2.ltrans.o

.debug_info     0x00000000     0x6ed6
 .debug_info    0x00000000     0x35cf C:\Users\User\AppData\Local\Temp\ccQCOiki.ltrans0.ltrans.o
 .debug_info    0x000035cf     0x2c27 C:\Users\User\AppData\Local\Temp\ccQCOiki.ltrans1.ltrans.o
 .debug_info    0x000061f6      0xce0 C:\Users\User\AppData\Local\Temp\ccQCOiki.ltrans2.ltrans.o

.debug_abbrev   0x00000000      0xe58
 .debug_abbrev  0x00000000      0x52f C:\Users\User\AppData\Local\Temp\ccQCOiki.ltrans0.ltrans.o
 .debug_abbrev  0x0000052f      0x62e C:\Users\User\AppData\Local\Temp\ccQCOiki.ltrans1.ltrans.o
 .debug_abbrev  0x00000b5d      0x2fb C:\Users\User\AppData\Local\Temp\ccQCOiki.ltrans2.ltrans.o

.debug_loc      0x00000000     0x2f55
 .debug_loc     0x00000000      0xdfe C:\Users\User\AppData\Local\Temp\ccQCOiki.ltrans0.ltrans.o
 .debug_loc     0x00000dfe     0x147a C:\Users\User\AppData\Local\Temp\ccQCOiki.ltrans1.ltrans.o
 .debug_loc     0x00002278      0xcdd C:\Users\User\AppData\Local\Temp\ccQCOiki.ltrans2.ltrans.o

.debug_aranges  0x00000000      0x1b8
 .debug_aranges
                0x00000000       0x58 C:\Users\User\AppData\Local\Temp\ccQCOiki.ltrans0.ltrans.o
 .debug_aranges
                0x00000058      0x138 C:\Users\User\AppData\Local\Temp\ccQCOiki.ltrans1.ltrans.o
 .debug_aranges
                0x00000190       0x28 C:\Users\User\AppData\Local\Temp\ccQCOiki.ltrans2.ltrans.o

.debug_ranges   0x00000000     0x1190
 .debug_ranges  0x00000000      0xc30 C:\Users\User\AppData\Local\Temp\ccQCOiki.ltrans0.ltrans.o
 .debug_ranges  0x00000c30      0x4a0 C:\Users\User\AppData\Local\Temp\ccQCOiki.ltrans1.ltrans.o
 .debug_ranges  0x000010d0       0xc0 C:\Users\User\AppData\Local\Temp\ccQCOiki.ltrans2.ltrans.o

.debug_line     0x00000000     0x2844
 .debug_line    0x00000000     0x123b C:\Users\User\AppData\Local\Temp\ccQCOiki.ltrans0.ltrans.o
 .debug_line    0x0000123b      0xfdf C:\Users\User\AppData\Local\Temp\ccQCOiki.ltrans1.ltrans.o
 .debug_line    0x0000221a      0x62a C:\Users\User\AppData\Local\Temp\ccQCOiki.ltrans2.ltrans.o

.debug_str      0x00000000     0x1603
 .debug_str     0x00000000      0xf68 C:\Users\User\AppData\Local\Temp\ccQCOiki.ltrans0.ltrans.o
                               0x1090 (size before relaxing)
 .debug_str     0x00000f68      0x580 C:\Users\User\AppData\Local\Temp\ccQCOiki.ltrans1.ltrans.o
                                0xcfe (size before relaxing)
 .debug_str     0x000014e8      0x11b C:\Users\User\AppData\Local\Temp\ccQCOiki.ltrans2.ltrans.o
                                0x721 (size before relaxing)

.debug_frame    0x00000000      0x558
 .debug_frame   0x00000000       0xec C:\Users\User\AppData\Local\Temp\ccQCOiki.ltrans0.ltrans.o
 .debug_frame   0x000000ec      0x400 C:\Users\User\AppData\Local\Temp\ccQCOiki.ltrans1.ltrans.o
 .debug_frame   0x000004ec       0x6c C:\Users\User\AppData\Local\Temp\ccQCOiki.ltrans2.ltrans.o

Cross Reference Table

Symbol                                            File
BusFault_Handler                                  C:\Users\User\AppData\Local\Temp\ccQCOiki.ltrans1.ltrans.o
                                                  build/obj/vectors.o (symbol from plugin)
                                                  C:\Users\User\AppData\Local\Temp\ccQCOiki.ltrans0.ltrans.o
DebugMon_Handler                                  C:\Users\User\AppData\Local\Temp\ccQCOiki.ltrans1.ltrans.o
                                                  build/obj/vectors.o (symbol from plugin)
                                                  C:\Users\User\AppData\Local\Temp\ccQCOiki.ltrans0.ltrans.o
HardFault_Handler                                 C:\Users\User\AppData\Local\Temp\ccQCOiki.ltrans1.ltrans.o
                                                  build/obj/vectors.o (symbol from plugin)
                                                  C:\Users\User\AppData\Local\Temp\ccQCOiki.ltrans0.ltrans.o
MemManage_Handler                                 C:\Users\User\AppData\Local\Temp\ccQCOiki.ltrans1.ltrans.o
                                                  build/obj/vectors.o (symbol from plugin)
                                                  C:\Users\User\AppData\Local\Temp\ccQCOiki.ltrans0.ltrans.o
NMI_Handler                                       C:\Users\User\AppData\Local\Temp\ccQCOiki.ltrans1.ltrans.o
                                                  build/obj/vectors.o (symbol from plugin)
                                                  C:\Users\User\AppData\Local\Temp\ccQCOiki.ltrans0.ltrans.o
PWMD1                                             C:\Users\User\AppData\Local\Temp\ccQCOiki.ltrans0.ltrans.o
                                                  build/obj/hal_pwm_lld.o (symbol from plugin)
                                                  C:\Users\User\AppData\Local\Temp\ccQCOiki.ltrans1.ltrans.o
                                                  build/obj/main.o (symbol from plugin)
PWMD3                                             C:\Users\User\AppData\Local\Temp\ccQCOiki.ltrans0.ltrans.o
                                                  build/obj/hal_pwm_lld.o (symbol from plugin)
                                                  C:\Users\User\AppData\Local\Temp\ccQCOiki.ltrans1.ltrans.o
                                                  build/obj/main.o (symbol from plugin)
PWMD4                                             C:\Users\User\AppData\Local\Temp\ccQCOiki.ltrans0.ltrans.o
                                                  build/obj/hal_pwm_lld.o (symbol from plugin)
                                                  C:\Users\User\AppData\Local\Temp\ccQCOiki.ltrans1.ltrans.o
                                                  build/obj/main.o (symbol from plugin)
PendSV_Handler                                    C:\Users\User\AppData\Local\Temp\ccQCOiki.ltrans1.ltrans.o
                                                  build/obj/vectors.o (symbol from plugin)
                                                  C:\Users\User\AppData\Local\Temp\ccQCOiki.ltrans0.ltrans.o
Reset_Handler                                     build/obj/crt0_v7m.o
                                                  C:\Users\User\AppData\Local\Temp\ccQCOiki.ltrans0.ltrans.o
                                                  build/obj/vectors.o (symbol from plugin)
SD7                                               C:\Users\User\AppData\Local\Temp\ccQCOiki.ltrans2.ltrans.o
                                                  build/obj/hal_serial_lld.o (symbol from plugin)
                                                  C:\Users\User\AppData\Local\Temp\ccQCOiki.ltrans0.ltrans.o
                                                  build/obj/main.o (symbol from plugin)
SD8                                               build/obj/hal_serial_lld.o (symbol from plugin)
SVC_Handler                                       C:\Users\User\AppData\Local\Temp\ccQCOiki.ltrans1.ltrans.o
                                                  build/obj/chcore_v7m.o (symbol from plugin)
                                                  build/obj/vectors.o (symbol from plugin)
                                                  C:\Users\User\AppData\Local\Temp\ccQCOiki.ltrans0.ltrans.o
SysTick_Handler                                   C:\Users\User\AppData\Local\Temp\ccQCOiki.ltrans1.ltrans.o
                                                  build/obj/hal_st_lld.o (symbol from plugin)
                                                  build/obj/vectors.o (symbol from plugin)
                                                  C:\Users\User\AppData\Local\Temp\ccQCOiki.ltrans0.ltrans.o
SystemCoreClock                                   build/obj/hal_lld.o (symbol from plugin)
UsageFault_Handler                                C:\Users\User\AppData\Local\Temp\ccQCOiki.ltrans1.ltrans.o
                                                  build/obj/vectors.o (symbol from plugin)
                                                  C:\Users\User\AppData\Local\Temp\ccQCOiki.ltrans0.ltrans.o
Vector100                                         C:\Users\User\AppData\Local\Temp\ccQCOiki.ltrans1.ltrans.o
                                                  build/obj/vectors.o (symbol from plugin)
                                                  C:\Users\User\AppData\Local\Temp\ccQCOiki.ltrans0.ltrans.o
Vector104                                         C:\Users\User\AppData\Local\Temp\ccQCOiki.ltrans1.ltrans.o
                                                  build/obj/vectors.o (symbol from plugin)
                                                  C:\Users\User\AppData\Local\Temp\ccQCOiki.ltrans0.ltrans.o
Vector108                                         C:\Users\User\AppData\Local\Temp\ccQCOiki.ltrans1.ltrans.o
                                                  build/obj/vectors.o (symbol from plugin)
                                                  C:\Users\User\AppData\Local\Temp\ccQCOiki.ltrans0.ltrans.o
Vector10C                                         C:\Users\User\AppData\Local\Temp\ccQCOiki.ltrans1.ltrans.o
                                                  build/obj/vectors.o (symbol from plugin)
                                                  C:\Users\User\AppData\Local\Temp\ccQCOiki.ltrans0.ltrans.o
Vector110                                         C:\Users\User\AppData\Local\Temp\ccQCOiki.ltrans1.ltrans.o
                                                  build/obj/vectors.o (symbol from plugin)
                                                  C:\Users\User\AppData\Local\Temp\ccQCOiki.ltrans0.ltrans.o
Vector114                                         C:\Users\User\AppData\Local\Temp\ccQCOiki.ltrans1.ltrans.o
                                                  build/obj/vectors.o (symbol from plugin)
                                                  C:\Users\User\AppData\Local\Temp\ccQCOiki.ltrans0.ltrans.o
Vector118                                         C:\Users\User\AppData\Local\Temp\ccQCOiki.ltrans1.ltrans.o
                                                  build/obj/vectors.o (symbol from plugin)
                                                  C:\Users\User\AppData\Local\Temp\ccQCOiki.ltrans0.ltrans.o
Vector11C                                         C:\Users\User\AppData\Local\Temp\ccQCOiki.ltrans1.ltrans.o
                                                  build/obj/vectors.o (symbol from plugin)
                                                  C:\Users\User\AppData\Local\Temp\ccQCOiki.ltrans0.ltrans.o
Vector120                                         C:\Users\User\AppData\Local\Temp\ccQCOiki.ltrans1.ltrans.o
                                                  build/obj/vectors.o (symbol from plugin)
                                                  C:\Users\User\AppData\Local\Temp\ccQCOiki.ltrans0.ltrans.o
Vector124                                         C:\Users\User\AppData\Local\Temp\ccQCOiki.ltrans1.ltrans.o
                                                  build/obj/vectors.o (symbol from plugin)
                                                  C:\Users\User\AppData\Local\Temp\ccQCOiki.ltrans0.ltrans.o
Vector128                                         C:\Users\User\AppData\Local\Temp\ccQCOiki.ltrans1.ltrans.o
                                                  build/obj/vectors.o (symbol from plugin)
                                                  C:\Users\User\AppData\Local\Temp\ccQCOiki.ltrans0.ltrans.o
Vector12C                                         C:\Users\User\AppData\Local\Temp\ccQCOiki.ltrans1.ltrans.o
                                                  build/obj/vectors.o (symbol from plugin)
                                                  C:\Users\User\AppData\Local\Temp\ccQCOiki.ltrans0.ltrans.o
Vector130                                         C:\Users\User\AppData\Local\Temp\ccQCOiki.ltrans1.ltrans.o
                                                  build/obj/vectors.o (symbol from plugin)
                                                  C:\Users\User\AppData\Local\Temp\ccQCOiki.ltrans0.ltrans.o
Vector134                                         C:\Users\User\AppData\Local\Temp\ccQCOiki.ltrans1.ltrans.o
                                                  build/obj/vectors.o (symbol from plugin)
                                                  C:\Users\User\AppData\Local\Temp\ccQCOiki.ltrans0.ltrans.o
Vector138                                         C:\Users\User\AppData\Local\Temp\ccQCOiki.ltrans1.ltrans.o
                                                  build/obj/vectors.o (symbol from plugin)
                                                  C:\Users\User\AppData\Local\Temp\ccQCOiki.ltrans0.ltrans.o
Vector13C                                         C:\Users\User\AppData\Local\Temp\ccQCOiki.ltrans1.ltrans.o
                                                  build/obj/vectors.o (symbol from plugin)
                                                  C:\Users\User\AppData\Local\Temp\ccQCOiki.ltrans0.ltrans.o
Vector140                                         C:\Users\User\AppData\Local\Temp\ccQCOiki.ltrans1.ltrans.o
                                                  build/obj/vectors.o (symbol from plugin)
                                                  C:\Users\User\AppData\Local\Temp\ccQCOiki.ltrans0.ltrans.o
Vector144                                         C:\Users\User\AppData\Local\Temp\ccQCOiki.ltrans1.ltrans.o
                                                  build/obj/vectors.o (symbol from plugin)
                                                  C:\Users\User\AppData\Local\Temp\ccQCOiki.ltrans0.ltrans.o
Vector148                                         C:\Users\User\AppData\Local\Temp\ccQCOiki.ltrans1.ltrans.o
                                                  build/obj/vectors.o (symbol from plugin)
                                                  C:\Users\User\AppData\Local\Temp\ccQCOiki.ltrans0.ltrans.o
Vector14C                                         C:\Users\User\AppData\Local\Temp\ccQCOiki.ltrans1.ltrans.o
                                                  build/obj/vectors.o (symbol from plugin)
                                                  C:\Users\User\AppData\Local\Temp\ccQCOiki.ltrans0.ltrans.o
Vector150                                         C:\Users\User\AppData\Local\Temp\ccQCOiki.ltrans1.ltrans.o
                                                  build/obj/vectors.o (symbol from plugin)
                                                  C:\Users\User\AppData\Local\Temp\ccQCOiki.ltrans0.ltrans.o
Vector154                                         C:\Users\User\AppData\Local\Temp\ccQCOiki.ltrans1.ltrans.o
                                                  build/obj/vectors.o (symbol from plugin)
                                                  C:\Users\User\AppData\Local\Temp\ccQCOiki.ltrans0.ltrans.o
Vector158                                         C:\Users\User\AppData\Local\Temp\ccQCOiki.ltrans1.ltrans.o
                                                  build/obj/vectors.o (symbol from plugin)
                                                  C:\Users\User\AppData\Local\Temp\ccQCOiki.ltrans0.ltrans.o
Vector15C                                         C:\Users\User\AppData\Local\Temp\ccQCOiki.ltrans1.ltrans.o
                                                  build/obj/vectors.o (symbol from plugin)
                                                  C:\Users\User\AppData\Local\Temp\ccQCOiki.ltrans0.ltrans.o
Vector160                                         C:\Users\User\AppData\Local\Temp\ccQCOiki.ltrans1.ltrans.o
                                                  build/obj/vectors.o (symbol from plugin)
                                                  C:\Users\User\AppData\Local\Temp\ccQCOiki.ltrans0.ltrans.o
Vector164                                         C:\Users\User\AppData\Local\Temp\ccQCOiki.ltrans1.ltrans.o
                                                  build/obj/vectors.o (symbol from plugin)
                                                  C:\Users\User\AppData\Local\Temp\ccQCOiki.ltrans0.ltrans.o
Vector168                                         C:\Users\User\AppData\Local\Temp\ccQCOiki.ltrans1.ltrans.o
                                                  build/obj/vectors.o (symbol from plugin)
                                                  C:\Users\User\AppData\Local\Temp\ccQCOiki.ltrans0.ltrans.o
Vector16C                                         C:\Users\User\AppData\Local\Temp\ccQCOiki.ltrans1.ltrans.o
                                                  build/obj/vectors.o (symbol from plugin)
                                                  C:\Users\User\AppData\Local\Temp\ccQCOiki.ltrans0.ltrans.o
Vector170                                         C:\Users\User\AppData\Local\Temp\ccQCOiki.ltrans1.ltrans.o
                                                  build/obj/vectors.o (symbol from plugin)
                                                  C:\Users\User\AppData\Local\Temp\ccQCOiki.ltrans0.ltrans.o
Vector174                                         C:\Users\User\AppData\Local\Temp\ccQCOiki.ltrans1.ltrans.o
                                                  build/obj/vectors.o (symbol from plugin)
                                                  C:\Users\User\AppData\Local\Temp\ccQCOiki.ltrans0.ltrans.o
Vector178                                         C:\Users\User\AppData\Local\Temp\ccQCOiki.ltrans1.ltrans.o
                                                  build/obj/vectors.o (symbol from plugin)
                                                  C:\Users\User\AppData\Local\Temp\ccQCOiki.ltrans0.ltrans.o
Vector17C                                         C:\Users\User\AppData\Local\Temp\ccQCOiki.ltrans1.ltrans.o
                                                  build/obj/vectors.o (symbol from plugin)
                                                  C:\Users\User\AppData\Local\Temp\ccQCOiki.ltrans0.ltrans.o
Vector180                                         C:\Users\User\AppData\Local\Temp\ccQCOiki.ltrans1.ltrans.o
                                                  build/obj/vectors.o (symbol from plugin)
                                                  C:\Users\User\AppData\Local\Temp\ccQCOiki.ltrans0.ltrans.o
Vector184                                         C:\Users\User\AppData\Local\Temp\ccQCOiki.ltrans1.ltrans.o
                                                  build/obj/vectors.o (symbol from plugin)
                                                  C:\Users\User\AppData\Local\Temp\ccQCOiki.ltrans0.ltrans.o
Vector188                                         build/obj/hal_serial_lld.o (symbol from plugin)
                                                  build/obj/vectors.o (symbol from plugin)
Vector18C                                         build/obj/hal_serial_lld.o (symbol from plugin)
                                                  build/obj/vectors.o (symbol from plugin)
Vector190                                         C:\Users\User\AppData\Local\Temp\ccQCOiki.ltrans1.ltrans.o
                                                  build/obj/vectors.o (symbol from plugin)
                                                  C:\Users\User\AppData\Local\Temp\ccQCOiki.ltrans0.ltrans.o
Vector194                                         C:\Users\User\AppData\Local\Temp\ccQCOiki.ltrans1.ltrans.o
                                                  build/obj/vectors.o (symbol from plugin)
                                                  C:\Users\User\AppData\Local\Temp\ccQCOiki.ltrans0.ltrans.o
Vector198                                         C:\Users\User\AppData\Local\Temp\ccQCOiki.ltrans1.ltrans.o
                                                  build/obj/vectors.o (symbol from plugin)
                                                  C:\Users\User\AppData\Local\Temp\ccQCOiki.ltrans0.ltrans.o
Vector19C                                         C:\Users\User\AppData\Local\Temp\ccQCOiki.ltrans1.ltrans.o
                                                  build/obj/vectors.o (symbol from plugin)
                                                  C:\Users\User\AppData\Local\Temp\ccQCOiki.ltrans0.ltrans.o
Vector1A0                                         C:\Users\User\AppData\Local\Temp\ccQCOiki.ltrans1.ltrans.o
                                                  build/obj/vectors.o (symbol from plugin)
                                                  C:\Users\User\AppData\Local\Temp\ccQCOiki.ltrans0.ltrans.o
Vector1A4                                         C:\Users\User\AppData\Local\Temp\ccQCOiki.ltrans1.ltrans.o
                                                  build/obj/vectors.o (symbol from plugin)
                                                  C:\Users\User\AppData\Local\Temp\ccQCOiki.ltrans0.ltrans.o
Vector1A8                                         C:\Users\User\AppData\Local\Temp\ccQCOiki.ltrans1.ltrans.o
                                                  build/obj/vectors.o (symbol from plugin)
                                                  C:\Users\User\AppData\Local\Temp\ccQCOiki.ltrans0.ltrans.o
Vector1AC                                         C:\Users\User\AppData\Local\Temp\ccQCOiki.ltrans1.ltrans.o
                                                  build/obj/vectors.o (symbol from plugin)
                                                  C:\Users\User\AppData\Local\Temp\ccQCOiki.ltrans0.ltrans.o
Vector1B0                                         C:\Users\User\AppData\Local\Temp\ccQCOiki.ltrans1.ltrans.o
                                                  build/obj/vectors.o (symbol from plugin)
                                                  C:\Users\User\AppData\Local\Temp\ccQCOiki.ltrans0.ltrans.o
Vector1B4                                         C:\Users\User\AppData\Local\Temp\ccQCOiki.ltrans1.ltrans.o
                                                  build/obj/vectors.o (symbol from plugin)
                                                  C:\Users\User\AppData\Local\Temp\ccQCOiki.ltrans0.ltrans.o
Vector1B8                                         C:\Users\User\AppData\Local\Temp\ccQCOiki.ltrans1.ltrans.o
                                                  build/obj/vectors.o (symbol from plugin)
                                                  C:\Users\User\AppData\Local\Temp\ccQCOiki.ltrans0.ltrans.o
Vector1BC                                         C:\Users\User\AppData\Local\Temp\ccQCOiki.ltrans1.ltrans.o
                                                  build/obj/vectors.o (symbol from plugin)
                                                  C:\Users\User\AppData\Local\Temp\ccQCOiki.ltrans0.ltrans.o
Vector1C                                          C:\Users\User\AppData\Local\Temp\ccQCOiki.ltrans1.ltrans.o
                                                  build/obj/vectors.o (symbol from plugin)
                                                  C:\Users\User\AppData\Local\Temp\ccQCOiki.ltrans0.ltrans.o
Vector1C0                                         C:\Users\User\AppData\Local\Temp\ccQCOiki.ltrans1.ltrans.o
                                                  build/obj/vectors.o (symbol from plugin)
                                                  C:\Users\User\AppData\Local\Temp\ccQCOiki.ltrans0.ltrans.o
Vector1C4                                         C:\Users\User\AppData\Local\Temp\ccQCOiki.ltrans1.ltrans.o
                                                  build/obj/vectors.o (symbol from plugin)
                                                  C:\Users\User\AppData\Local\Temp\ccQCOiki.ltrans0.ltrans.o
Vector1C8                                         C:\Users\User\AppData\Local\Temp\ccQCOiki.ltrans1.ltrans.o
                                                  build/obj/vectors.o (symbol from plugin)
                                                  C:\Users\User\AppData\Local\Temp\ccQCOiki.ltrans0.ltrans.o
Vector1CC                                         C:\Users\User\AppData\Local\Temp\ccQCOiki.ltrans1.ltrans.o
                                                  build/obj/vectors.o (symbol from plugin)
                                                  C:\Users\User\AppData\Local\Temp\ccQCOiki.ltrans0.ltrans.o
Vector1D0                                         C:\Users\User\AppData\Local\Temp\ccQCOiki.ltrans1.ltrans.o
                                                  build/obj/vectors.o (symbol from plugin)
                                                  C:\Users\User\AppData\Local\Temp\ccQCOiki.ltrans0.ltrans.o
Vector1D4                                         C:\Users\User\AppData\Local\Temp\ccQCOiki.ltrans1.ltrans.o
                                                  build/obj/vectors.o (symbol from plugin)
                                                  C:\Users\User\AppData\Local\Temp\ccQCOiki.ltrans0.ltrans.o
Vector1D8                                         C:\Users\User\AppData\Local\Temp\ccQCOiki.ltrans1.ltrans.o
                                                  build/obj/vectors.o (symbol from plugin)
                                                  C:\Users\User\AppData\Local\Temp\ccQCOiki.ltrans0.ltrans.o
Vector1DC                                         C:\Users\User\AppData\Local\Temp\ccQCOiki.ltrans1.ltrans.o
                                                  build/obj/vectors.o (symbol from plugin)
                                                  C:\Users\User\AppData\Local\Temp\ccQCOiki.ltrans0.ltrans.o
Vector1E0                                         C:\Users\User\AppData\Local\Temp\ccQCOiki.ltrans1.ltrans.o
                                                  build/obj/vectors.o (symbol from plugin)
                                                  C:\Users\User\AppData\Local\Temp\ccQCOiki.ltrans0.ltrans.o
Vector1E4                                         C:\Users\User\AppData\Local\Temp\ccQCOiki.ltrans1.ltrans.o
                                                  build/obj/vectors.o (symbol from plugin)
                                                  C:\Users\User\AppData\Local\Temp\ccQCOiki.ltrans0.ltrans.o
Vector1E8                                         C:\Users\User\AppData\Local\Temp\ccQCOiki.ltrans1.ltrans.o
                                                  build/obj/vectors.o (symbol from plugin)
                                                  C:\Users\User\AppData\Local\Temp\ccQCOiki.ltrans0.ltrans.o
Vector1EC                                         C:\Users\User\AppData\Local\Temp\ccQCOiki.ltrans1.ltrans.o
                                                  build/obj/vectors.o (symbol from plugin)
                                                  C:\Users\User\AppData\Local\Temp\ccQCOiki.ltrans0.ltrans.o
Vector1F0                                         C:\Users\User\AppData\Local\Temp\ccQCOiki.ltrans1.ltrans.o
                                                  build/obj/vectors.o (symbol from plugin)
                                                  C:\Users\User\AppData\Local\Temp\ccQCOiki.ltrans0.ltrans.o
Vector1F4                                         C:\Users\User\AppData\Local\Temp\ccQCOiki.ltrans1.ltrans.o
                                                  build/obj/vectors.o (symbol from plugin)
                                                  C:\Users\User\AppData\Local\Temp\ccQCOiki.ltrans0.ltrans.o
Vector1F8                                         C:\Users\User\AppData\Local\Temp\ccQCOiki.ltrans1.ltrans.o
                                                  build/obj/vectors.o (symbol from plugin)
                                                  C:\Users\User\AppData\Local\Temp\ccQCOiki.ltrans0.ltrans.o
Vector1FC                                         C:\Users\User\AppData\Local\Temp\ccQCOiki.ltrans1.ltrans.o
                                                  build/obj/vectors.o (symbol from plugin)
                                                  C:\Users\User\AppData\Local\Temp\ccQCOiki.ltrans0.ltrans.o
Vector20                                          C:\Users\User\AppData\Local\Temp\ccQCOiki.ltrans1.ltrans.o
                                                  build/obj/vectors.o (symbol from plugin)
                                                  C:\Users\User\AppData\Local\Temp\ccQCOiki.ltrans0.ltrans.o
Vector24                                          C:\Users\User\AppData\Local\Temp\ccQCOiki.ltrans1.ltrans.o
                                                  build/obj/vectors.o (symbol from plugin)
                                                  C:\Users\User\AppData\Local\Temp\ccQCOiki.ltrans0.ltrans.o
Vector28                                          C:\Users\User\AppData\Local\Temp\ccQCOiki.ltrans1.ltrans.o
                                                  build/obj/vectors.o (symbol from plugin)
                                                  C:\Users\User\AppData\Local\Temp\ccQCOiki.ltrans0.ltrans.o
Vector34                                          C:\Users\User\AppData\Local\Temp\ccQCOiki.ltrans1.ltrans.o
                                                  build/obj/vectors.o (symbol from plugin)
                                                  C:\Users\User\AppData\Local\Temp\ccQCOiki.ltrans0.ltrans.o
Vector40                                          C:\Users\User\AppData\Local\Temp\ccQCOiki.ltrans1.ltrans.o
                                                  build/obj/vectors.o (symbol from plugin)
                                                  C:\Users\User\AppData\Local\Temp\ccQCOiki.ltrans0.ltrans.o
Vector44                                          C:\Users\User\AppData\Local\Temp\ccQCOiki.ltrans1.ltrans.o
                                                  build/obj/vectors.o (symbol from plugin)
                                                  C:\Users\User\AppData\Local\Temp\ccQCOiki.ltrans0.ltrans.o
Vector48                                          C:\Users\User\AppData\Local\Temp\ccQCOiki.ltrans1.ltrans.o
                                                  build/obj/vectors.o (symbol from plugin)
                                                  C:\Users\User\AppData\Local\Temp\ccQCOiki.ltrans0.ltrans.o
Vector4C                                          C:\Users\User\AppData\Local\Temp\ccQCOiki.ltrans1.ltrans.o
                                                  build/obj/vectors.o (symbol from plugin)
                                                  C:\Users\User\AppData\Local\Temp\ccQCOiki.ltrans0.ltrans.o
Vector50                                          C:\Users\User\AppData\Local\Temp\ccQCOiki.ltrans1.ltrans.o
                                                  build/obj/vectors.o (symbol from plugin)
                                                  C:\Users\User\AppData\Local\Temp\ccQCOiki.ltrans0.ltrans.o
Vector54                                          C:\Users\User\AppData\Local\Temp\ccQCOiki.ltrans1.ltrans.o
                                                  build/obj/vectors.o (symbol from plugin)
                                                  C:\Users\User\AppData\Local\Temp\ccQCOiki.ltrans0.ltrans.o
Vector58                                          C:\Users\User\AppData\Local\Temp\ccQCOiki.ltrans1.ltrans.o
                                                  build/obj/vectors.o (symbol from plugin)
                                                  C:\Users\User\AppData\Local\Temp\ccQCOiki.ltrans0.ltrans.o
Vector5C                                          C:\Users\User\AppData\Local\Temp\ccQCOiki.ltrans1.ltrans.o
                                                  build/obj/vectors.o (symbol from plugin)
                                                  C:\Users\User\AppData\Local\Temp\ccQCOiki.ltrans0.ltrans.o
Vector60                                          C:\Users\User\AppData\Local\Temp\ccQCOiki.ltrans1.ltrans.o
                                                  build/obj/vectors.o (symbol from plugin)
                                                  C:\Users\User\AppData\Local\Temp\ccQCOiki.ltrans0.ltrans.o
Vector64                                          C:\Users\User\AppData\Local\Temp\ccQCOiki.ltrans1.ltrans.o
                                                  build/obj/vectors.o (symbol from plugin)
                                                  C:\Users\User\AppData\Local\Temp\ccQCOiki.ltrans0.ltrans.o
Vector68                                          C:\Users\User\AppData\Local\Temp\ccQCOiki.ltrans1.ltrans.o
                                                  build/obj/vectors.o (symbol from plugin)
                                                  C:\Users\User\AppData\Local\Temp\ccQCOiki.ltrans0.ltrans.o
Vector6C                                          C:\Users\User\AppData\Local\Temp\ccQCOiki.ltrans1.ltrans.o
                                                  build/obj/vectors.o (symbol from plugin)
                                                  C:\Users\User\AppData\Local\Temp\ccQCOiki.ltrans0.ltrans.o
Vector70                                          C:\Users\User\AppData\Local\Temp\ccQCOiki.ltrans1.ltrans.o
                                                  build/obj/vectors.o (symbol from plugin)
                                                  C:\Users\User\AppData\Local\Temp\ccQCOiki.ltrans0.ltrans.o
Vector74                                          C:\Users\User\AppData\Local\Temp\ccQCOiki.ltrans1.ltrans.o
                                                  build/obj/vectors.o (symbol from plugin)
                                                  C:\Users\User\AppData\Local\Temp\ccQCOiki.ltrans0.ltrans.o
Vector78                                          C:\Users\User\AppData\Local\Temp\ccQCOiki.ltrans1.ltrans.o
                                                  build/obj/vectors.o (symbol from plugin)
                                                  C:\Users\User\AppData\Local\Temp\ccQCOiki.ltrans0.ltrans.o
Vector7C                                          C:\Users\User\AppData\Local\Temp\ccQCOiki.ltrans1.ltrans.o
                                                  build/obj/vectors.o (symbol from plugin)
                                                  C:\Users\User\AppData\Local\Temp\ccQCOiki.ltrans0.ltrans.o
Vector80                                          C:\Users\User\AppData\Local\Temp\ccQCOiki.ltrans1.ltrans.o
                                                  build/obj/vectors.o (symbol from plugin)
                                                  C:\Users\User\AppData\Local\Temp\ccQCOiki.ltrans0.ltrans.o
Vector84                                          C:\Users\User\AppData\Local\Temp\ccQCOiki.ltrans1.ltrans.o
                                                  build/obj/vectors.o (symbol from plugin)
                                                  C:\Users\User\AppData\Local\Temp\ccQCOiki.ltrans0.ltrans.o
Vector88                                          C:\Users\User\AppData\Local\Temp\ccQCOiki.ltrans1.ltrans.o
                                                  build/obj/vectors.o (symbol from plugin)
                                                  C:\Users\User\AppData\Local\Temp\ccQCOiki.ltrans0.ltrans.o
Vector8C                                          C:\Users\User\AppData\Local\Temp\ccQCOiki.ltrans1.ltrans.o
                                                  build/obj/vectors.o (symbol from plugin)
                                                  C:\Users\User\AppData\Local\Temp\ccQCOiki.ltrans0.ltrans.o
Vector90                                          C:\Users\User\AppData\Local\Temp\ccQCOiki.ltrans1.ltrans.o
                                                  build/obj/vectors.o (symbol from plugin)
                                                  C:\Users\User\AppData\Local\Temp\ccQCOiki.ltrans0.ltrans.o
Vector94                                          C:\Users\User\AppData\Local\Temp\ccQCOiki.ltrans1.ltrans.o
                                                  build/obj/vectors.o (symbol from plugin)
                                                  C:\Users\User\AppData\Local\Temp\ccQCOiki.ltrans0.ltrans.o
Vector98                                          C:\Users\User\AppData\Local\Temp\ccQCOiki.ltrans1.ltrans.o
                                                  build/obj/vectors.o (symbol from plugin)
                                                  C:\Users\User\AppData\Local\Temp\ccQCOiki.ltrans0.ltrans.o
Vector9C                                          C:\Users\User\AppData\Local\Temp\ccQCOiki.ltrans1.ltrans.o
                                                  build/obj/vectors.o (symbol from plugin)
                                                  C:\Users\User\AppData\Local\Temp\ccQCOiki.ltrans0.ltrans.o
VectorA0                                          C:\Users\User\AppData\Local\Temp\ccQCOiki.ltrans1.ltrans.o
                                                  build/obj/vectors.o (symbol from plugin)
                                                  C:\Users\User\AppData\Local\Temp\ccQCOiki.ltrans0.ltrans.o
VectorA4                                          C:\Users\User\AppData\Local\Temp\ccQCOiki.ltrans1.ltrans.o
                                                  build/obj/hal_pwm_lld.o (symbol from plugin)
                                                  build/obj/vectors.o (symbol from plugin)
                                                  C:\Users\User\AppData\Local\Temp\ccQCOiki.ltrans0.ltrans.o
VectorA8                                          C:\Users\User\AppData\Local\Temp\ccQCOiki.ltrans1.ltrans.o
                                                  build/obj/vectors.o (symbol from plugin)
                                                  C:\Users\User\AppData\Local\Temp\ccQCOiki.ltrans0.ltrans.o
VectorAC                                          C:\Users\User\AppData\Local\Temp\ccQCOiki.ltrans1.ltrans.o
                                                  build/obj/hal_pwm_lld.o (symbol from plugin)
                                                  build/obj/vectors.o (symbol from plugin)
                                                  C:\Users\User\AppData\Local\Temp\ccQCOiki.ltrans0.ltrans.o
VectorB0                                          C:\Users\User\AppData\Local\Temp\ccQCOiki.ltrans1.ltrans.o
                                                  build/obj/vectors.o (symbol from plugin)
                                                  C:\Users\User\AppData\Local\Temp\ccQCOiki.ltrans0.ltrans.o
VectorB4                                          C:\Users\User\AppData\Local\Temp\ccQCOiki.ltrans1.ltrans.o
                                                  build/obj/hal_pwm_lld.o (symbol from plugin)
                                                  build/obj/vectors.o (symbol from plugin)
                                                  C:\Users\User\AppData\Local\Temp\ccQCOiki.ltrans0.ltrans.o
VectorB8                                          C:\Users\User\AppData\Local\Temp\ccQCOiki.ltrans1.ltrans.o
                                                  build/obj/hal_pwm_lld.o (symbol from plugin)
                                                  build/obj/vectors.o (symbol from plugin)
                                                  C:\Users\User\AppData\Local\Temp\ccQCOiki.ltrans0.ltrans.o
VectorBC                                          C:\Users\User\AppData\Local\Temp\ccQCOiki.ltrans1.ltrans.o
                                                  build/obj/vectors.o (symbol from plugin)
                                                  C:\Users\User\AppData\Local\Temp\ccQCOiki.ltrans0.ltrans.o
VectorC0                                          C:\Users\User\AppData\Local\Temp\ccQCOiki.ltrans1.ltrans.o
                                                  build/obj/vectors.o (symbol from plugin)
                                                  C:\Users\User\AppData\Local\Temp\ccQCOiki.ltrans0.ltrans.o
VectorC4                                          C:\Users\User\AppData\Local\Temp\ccQCOiki.ltrans1.ltrans.o
                                                  build/obj/vectors.o (symbol from plugin)
[...]
chSemWaitTimeout                                  build/obj/chsem.o (symbol from plugin)
chSemWaitTimeoutS                                 build/obj/chsem.o (symbol from plugin)
                                                  build/obj/chmempools.o (symbol from plugin)
chSysGetStatusAndLockX                            build/obj/chsys.o (symbol from plugin)
chSysHalt                                         build/obj/chsys.o (symbol from plugin)
chSysInit                                         build/obj/chsys.o (symbol from plugin)
                                                  build/obj/main.o (symbol from plugin)
chSysIntegrityCheckI                              build/obj/chsys.o (symbol from plugin)
chSysIsCounterWithinX                             build/obj/chsys.o (symbol from plugin)
chSysPolledDelayX                                 build/obj/chsys.o (symbol from plugin)
chSysRestoreStatusX                               build/obj/chsys.o (symbol from plugin)
chSysTimerHandlerI                                build/obj/chsys.o (symbol from plugin)
                                                  build/obj/hal_st_lld.o (symbol from plugin)
chTMChainMeasurementToX                           build/obj/chtm.o (symbol from plugin)
chTMObjectInit                                    build/obj/chtm.o (symbol from plugin)
chTMStartMeasurementX                             build/obj/chtm.o (symbol from plugin)
chTMStartMeasurementX.constprop.13                C:\Users\User\AppData\Local\Temp\ccQCOiki.ltrans2.ltrans.o
                                                  C:\Users\User\AppData\Local\Temp\ccQCOiki.ltrans0.ltrans.o
chTMStopMeasurementX                              C:\Users\User\AppData\Local\Temp\ccQCOiki.ltrans1.ltrans.o
                                                  build/obj/chtm.o (symbol from plugin)
                                                  C:\Users\User\AppData\Local\Temp\ccQCOiki.ltrans0.ltrans.o
chThdAddRef                                       build/obj/chthreads.o (symbol from plugin)
chThdCreate                                       build/obj/chthreads.o (symbol from plugin)
                                                  build/obj/chsys.o (symbol from plugin)
chThdCreateFromHeap                               build/obj/chdynamic.o (symbol from plugin)
chThdCreateFromMemoryPool                         build/obj/chdynamic.o (symbol from plugin)
chThdCreateI                                      build/obj/chthreads.o (symbol from plugin)
chThdCreateStatic                                 build/obj/chthreads.o (symbol from plugin)
chThdCreateSuspended                              build/obj/chthreads.o (symbol from plugin)
chThdCreateSuspendedI                             build/obj/chthreads.o (symbol from plugin)
                                                  build/obj/chdynamic.o (symbol from plugin)
chThdDequeueAllI                                  build/obj/chthreads.o (symbol from plugin)
                                                  build/obj/hal_queues.o (symbol from plugin)
                                                  build/obj/hal_buffers.o (symbol from plugin)
                                                  build/obj/chmboxes.o (symbol from plugin)
chThdDequeueNextI                                 build/obj/chthreads.o (symbol from plugin)
                                                  build/obj/hal_queues.o (symbol from plugin)
                                                  build/obj/hal_buffers.o (symbol from plugin)
                                                  build/obj/chmboxes.o (symbol from plugin)
chThdEnqueueTimeoutS                              build/obj/chthreads.o (symbol from plugin)
                                                  build/obj/hal_queues.o (symbol from plugin)
                                                  build/obj/hal_buffers.o (symbol from plugin)
                                                  build/obj/chmboxes.o (symbol from plugin)
chThdExit                                         C:\Users\User\AppData\Local\Temp\ccQCOiki.ltrans1.ltrans.o
                                                  build/obj/chthreads.o (symbol from plugin)
                                                  build/obj/chcoreasm_v7m.o
chThdExitS                                        build/obj/chthreads.o (symbol from plugin)
chThdRelease                                      build/obj/chthreads.o (symbol from plugin)
                                                  build/obj/chregistry.o (symbol from plugin)
chThdResume                                       build/obj/chthreads.o (symbol from plugin)
chThdResumeI                                      build/obj/chthreads.o (symbol from plugin)
chThdResumeS                                      build/obj/chthreads.o (symbol from plugin)
chThdSetPriority                                  build/obj/chthreads.o (symbol from plugin)
chThdSleep                                        build/obj/chthreads.o (symbol from plugin)
                                                  build/obj/main.o (symbol from plugin)
chThdSleepUntil                                   build/obj/chthreads.o (symbol from plugin)
chThdSleepUntilWindowed                           build/obj/chthreads.o (symbol from plugin)
chThdStart                                        build/obj/chthreads.o (symbol from plugin)
chThdSuspendS                                     build/obj/chthreads.o (symbol from plugin)
chThdSuspendTimeoutS                              build/obj/chthreads.o (symbol from plugin)
chThdTerminate                                    build/obj/chthreads.o (symbol from plugin)
chThdWait                                         build/obj/chthreads.o (symbol from plugin)
chThdYield                                        build/obj/chthreads.o (symbol from plugin)
chVTDoResetI                                      build/obj/chvt.o (symbol from plugin)
                                                  build/obj/chschd.o (symbol from plugin)
chVTDoSetI                                        build/obj/chvt.o (symbol from plugin)
                                                  build/obj/chschd.o (symbol from plugin)
ch_debug                                          build/obj/chregistry.o (symbol from plugin)
                                                  build/obj/chsys.o (symbol from plugin)
ch_idle_thread_wa                                 build/obj/chsys.o (symbol from plugin)
chprintf                                          build/obj/chprintf.o (symbol from plugin)
                                                  build/obj/main.o (symbol from plugin)
chprintf.constprop.0                              C:\Users\User\AppData\Local\Temp\ccQCOiki.ltrans2.ltrans.o
                                                  C:\Users\User\AppData\Local\Temp\ccQCOiki.ltrans0.ltrans.o
chsnprintf                                        build/obj/chprintf.o (symbol from plugin)
chvprintf                                         build/obj/chprintf.o (symbol from plugin)
endmem.lto_priv.29                                C:\Users\User\AppData\Local\Temp\ccQCOiki.ltrans0.ltrans.o
                                                  C:\Users\User\AppData\Local\Temp\ccQCOiki.ltrans1.ltrans.o
halInit                                           build/obj/hal.o (symbol from plugin)
                                                  build/obj/main.o (symbol from plugin)
hal_lld_init                                      build/obj/hal_lld.o (symbol from plugin)
                                                  build/obj/hal.o (symbol from plugin)
ibqGetEmptyBufferI                                build/obj/hal_buffers.o (symbol from plugin)
ibqGetFullBufferTimeout                           build/obj/hal_buffers.o (symbol from plugin)
ibqGetFullBufferTimeoutS                          build/obj/hal_buffers.o (symbol from plugin)
ibqGetTimeout                                     build/obj/hal_buffers.o (symbol from plugin)
ibqObjectInit                                     build/obj/hal_buffers.o (symbol from plugin)
ibqPostFullBufferI                                build/obj/hal_buffers.o (symbol from plugin)
ibqReadTimeout                                    build/obj/hal_buffers.o (symbol from plugin)
ibqReleaseEmptyBuffer                             build/obj/hal_buffers.o (symbol from plugin)
ibqReleaseEmptyBufferS                            build/obj/hal_buffers.o (symbol from plugin)
ibqResetI                                         build/obj/hal_buffers.o (symbol from plugin)
iqGetTimeout                                      build/obj/hal_queues.o (symbol from plugin)
                                                  build/obj/hal_serial.o (symbol from plugin)
iqObjectInit                                      build/obj/hal_queues.o (symbol from plugin)
                                                  build/obj/hal_serial_lld.o (symbol from plugin)
iqPutI                                            build/obj/hal_queues.o (symbol from plugin)
                                                  build/obj/hal_serial.o (symbol from plugin)
iqReadTimeout                                     build/obj/hal_queues.o (symbol from plugin)
                                                  build/obj/hal_serial.o (symbol from plugin)
iqResetI                                          build/obj/hal_queues.o (symbol from plugin)
                                                  build/obj/hal_serial.o (symbol from plugin)
main                                              C:\Users\User\AppData\Local\Temp\ccQCOiki.ltrans0.ltrans.o
                                                  build/obj/main.o (symbol from plugin)
                                                  build/obj/crt0_v7m.o
msObjectInit                                      build/obj/memstreams.o (symbol from plugin)
                                                  build/obj/chprintf.o (symbol from plugin)
nextmem.lto_priv.28                               C:\Users\User\AppData\Local\Temp\ccQCOiki.ltrans0.ltrans.o
                                                  C:\Users\User\AppData\Local\Temp\ccQCOiki.ltrans1.ltrans.o
nullObjectInit                                    build/obj/nullstreams.o (symbol from plugin)
nvicClearPending                                  build/obj/nvic.o (symbol from plugin)
nvicDisableVector                                 build/obj/nvic.o (symbol from plugin)
                                                  build/obj/hal_pwm_lld.o (symbol from plugin)
nvicEnableVector                                  build/obj/nvic.o (symbol from plugin)
                                                  build/obj/hal_serial_lld.o (symbol from plugin)
                                                  build/obj/hal_pwm_lld.o (symbol from plugin)
nvicSetSystemHandlerPriority                      build/obj/nvic.o (symbol from plugin)
                                                  build/obj/hal_st_lld.o (symbol from plugin)
obqFlush                                          build/obj/hal_buffers.o (symbol from plugin)
obqGetEmptyBufferTimeout                          build/obj/hal_buffers.o (symbol from plugin)
obqGetEmptyBufferTimeoutS                         build/obj/hal_buffers.o (symbol from plugin)
obqGetFullBufferI                                 build/obj/hal_buffers.o (symbol from plugin)
obqObjectInit                                     build/obj/hal_buffers.o (symbol from plugin)
obqPostFullBuffer                                 build/obj/hal_buffers.o (symbol from plugin)
obqPostFullBufferS                                build/obj/hal_buffers.o (symbol from plugin)
obqPutTimeout                                     build/obj/hal_buffers.o (symbol from plugin)
obqReleaseEmptyBufferI                            build/obj/hal_buffers.o (symbol from plugin)
obqResetI                                         build/obj/hal_buffers.o (symbol from plugin)
obqTryFlushI                                      build/obj/hal_buffers.o (symbol from plugin)
obqWriteTimeout                                   build/obj/hal_buffers.o (symbol from plugin)
oqGetI                                            build/obj/hal_queues.o (symbol from plugin)
                                                  build/obj/hal_serial_lld.o (symbol from plugin)
                                                  build/obj/hal_serial.o (symbol from plugin)
oqObjectInit                                      build/obj/hal_queues.o (symbol from plugin)
                                                  build/obj/hal_serial_lld.o (symbol from plugin)
oqPutTimeout                                      build/obj/hal_queues.o (symbol from plugin)
                                                  build/obj/hal_serial.o (symbol from plugin)
oqResetI                                          build/obj/hal_queues.o (symbol from plugin)
                                                  build/obj/hal_serial.o (symbol from plugin)
oqWriteTimeout                                    build/obj/hal_queues.o (symbol from plugin)
                                                  build/obj/hal_serial.o (symbol from plugin)
palReadBus                                        build/obj/hal_pal.o (symbol from plugin)
palSetBusMode                                     build/obj/hal_pal.o (symbol from plugin)
palWriteBus                                       build/obj/hal_pal.o (symbol from plugin)
pal_default_config                                build/obj/board.o (symbol from plugin)
                                                  build/obj/hal.o (symbol from plugin)
pwmChangePeriod                                   build/obj/hal_pwm.o (symbol from plugin)
pwmDisableChannel                                 build/obj/hal_pwm.o (symbol from plugin)
pwmDisableChannelNotification                     build/obj/hal_pwm.o (symbol from plugin)
pwmDisablePeriodicNotification                    build/obj/hal_pwm.o (symbol from plugin)
pwmEnableChannel                                  build/obj/hal_pwm.o (symbol from plugin)
                                                  build/obj/main.o (symbol from plugin)
pwmEnableChannelNotification                      build/obj/hal_pwm.o (symbol from plugin)
pwmEnablePeriodicNotification                     build/obj/hal_pwm.o (symbol from plugin)
pwmInit                                           build/obj/hal_pwm.o (symbol from plugin)
                                                  build/obj/hal.o (symbol from plugin)
pwmLEDconf                                        build/obj/main.o (symbol from plugin)
pwmObjectInit                                     build/obj/hal_pwm.o (symbol from plugin)
                                                  build/obj/hal_pwm_lld.o (symbol from plugin)
pwmStart                                          build/obj/hal_pwm.o (symbol from plugin)
                                                  build/obj/main.o (symbol from plugin)
pwmStop                                           build/obj/hal_pwm.o (symbol from plugin)
pwm_lld_disable_channel                           build/obj/hal_pwm_lld.o (symbol from plugin)
                                                  build/obj/hal_pwm.o (symbol from plugin)
pwm_lld_disable_channel_notification              build/obj/hal_pwm_lld.o (symbol from plugin)
                                                  build/obj/hal_pwm.o (symbol from plugin)
pwm_lld_disable_periodic_notification             build/obj/hal_pwm_lld.o (symbol from plugin)
                                                  build/obj/hal_pwm.o (symbol from plugin)
pwm_lld_enable_channel                            build/obj/hal_pwm_lld.o (symbol from plugin)
                                                  build/obj/hal_pwm.o (symbol from plugin)
pwm_lld_enable_channel_notification               build/obj/hal_pwm_lld.o (symbol from plugin)
                                                  build/obj/hal_pwm.o (symbol from plugin)
pwm_lld_enable_periodic_notification              build/obj/hal_pwm_lld.o (symbol from plugin)
                                                  build/obj/hal_pwm.o (symbol from plugin)
pwm_lld_init                                      build/obj/hal_pwm_lld.o (symbol from plugin)
                                                  build/obj/hal_pwm.o (symbol from plugin)
pwm_lld_serve_interrupt                           C:\Users\User\AppData\Local\Temp\ccQCOiki.ltrans0.ltrans.o
                                                  build/obj/hal_pwm_lld.o (symbol from plugin)
                                                  C:\Users\User\AppData\Local\Temp\ccQCOiki.ltrans1.ltrans.o
pwm_lld_start                                     C:\Users\User\AppData\Local\Temp\ccQCOiki.ltrans1.ltrans.o
                                                  build/obj/hal_pwm_lld.o (symbol from plugin)
                                                  C:\Users\User\AppData\Local\Temp\ccQCOiki.ltrans0.ltrans.o
                                                  build/obj/hal_pwm.o (symbol from plugin)
pwm_lld_stop                                      build/obj/hal_pwm_lld.o (symbol from plugin)
                                                  build/obj/hal_pwm.o (symbol from plugin)
sdGetWouldBlock                                   build/obj/hal_serial.o (symbol from plugin)
sdIncomingDataI                                   build/obj/hal_serial.o (symbol from plugin)
                                                  build/obj/hal_serial_lld.o (symbol from plugin)
sdInit                                            build/obj/hal_serial.o (symbol from plugin)
                                                  build/obj/hal.o (symbol from plugin)
sdObjectInit                                      build/obj/hal_serial.o (symbol from plugin)
                                                  build/obj/hal_serial_lld.o (symbol from plugin)
sdPutWouldBlock                                   build/obj/hal_serial.o (symbol from plugin)
sdRequestDataI                                    build/obj/hal_serial.o (symbol from plugin)
sdStart                                           build/obj/hal_serial.o (symbol from plugin)
                                                  build/obj/main.o (symbol from plugin)
sdStop                                            build/obj/hal_serial.o (symbol from plugin)
sd_lld_init                                       build/obj/hal_serial_lld.o (symbol from plugin)
                                                  build/obj/hal_serial.o (symbol from plugin)
sd_lld_start                                      build/obj/hal_serial_lld.o (symbol from plugin)
                                                  build/obj/hal_serial.o (symbol from plugin)
sd_lld_stop                                       build/obj/hal_serial_lld.o (symbol from plugin)
                                                  build/obj/hal_serial.o (symbol from plugin)
stGetAlarm                                        build/obj/hal_st.o (symbol from plugin)
stInit                                            build/obj/hal_st.o (symbol from plugin)
                                                  build/obj/hal.o (symbol from plugin)
stSetAlarm                                        build/obj/hal_st.o (symbol from plugin)
stStartAlarm                                      build/obj/hal_st.o (symbol from plugin)
stStopAlarm                                       build/obj/hal_st.o (symbol from plugin)
st_lld_init                                       build/obj/hal_st_lld.o (symbol from plugin)
                                                  build/obj/hal_st.o (symbol from plugin)
stm32_clock_init                                  build/obj/hal_lld.o (symbol from plugin)
                                                  build/obj/board.o (symbol from plugin)
